Archive member included to satisfy reference by file (symbol)

.pio/build/leonardo/lib2de/libXInput.a(XInput.cpp.o)
                              .pio/build/leonardo/src/mouse.cpp.o (symbol from plugin) (_ZN16XInputControllerC1Ev)
.pio/build/leonardo/lib914/libWire.a(Wire.cpp.o)
                              .pio/build/leonardo/src/mouse.cpp.o (symbol from plugin) (Wire)
.pio/build/leonardo/lib914/libWire.a(twi.c.o)
                              Wire.cpp.o (symbol from plugin) (twi_init)
.pio/build/leonardo/libda4/libI2Cdevlib-MPU6050.a(MPU6050.cpp.o)
                              .pio/build/leonardo/src/mouse.cpp.o (symbol from plugin) (_ZN12MPU6050_BaseC2EhPv)
.pio/build/leonardo/libda4/libI2Cdevlib-MPU6050.a(MPU6050_6Axis_MotionApps612.cpp.o)
                              .pio/build/leonardo/src/mouse.cpp.o (symbol from plugin) (_ZN27MPU6050_6Axis_MotionApps61213dmpInitializeEv)
.pio/build/leonardo/lib316/libArduinoSTL.a(func_exception.cpp.o)
                              .pio/build/leonardo/src/mouse.cpp.o (symbol from plugin) (_ZSt20__throw_out_of_rangePKc)
.pio/build/leonardo/libFrameworkArduino.a(CDC.cpp.o)
                              MPU6050.cpp.o (symbol from plugin) (_ZN7Serial_5writeEh)
.pio/build/leonardo/libFrameworkArduino.a(Print.cpp.o)
                              .pio/build/leonardo/src/mouse.cpp.o (symbol from plugin) (_ZN5Print5printEPK19__FlashStringHelper)
.pio/build/leonardo/libFrameworkArduino.a(USBCore.cpp.o)
                              CDC.cpp.o (symbol from plugin) (_Z13USB_Availableh)
.pio/build/leonardo/libFrameworkArduino.a(WInterrupts.c.o)
                              .pio/build/leonardo/src/mouse.cpp.o (symbol from plugin) (attachInterrupt)
.pio/build/leonardo/libFrameworkArduino.a(WMath.cpp.o)
                              .pio/build/leonardo/src/mouse.cpp.o (symbol from plugin) (_Z3maplllll)
.pio/build/leonardo/libFrameworkArduino.a(abi.cpp.o)
                              Print.cpp.o (symbol from plugin) (__cxa_pure_virtual)
.pio/build/leonardo/libFrameworkArduino.a(main.cpp.o)
                              /home/mikoaj/.platformio/packages/toolchain-atmelavr/bin/../lib/gcc/avr/7.3.0/../../../../avr/lib/avr5/crtatmega32u4.o (main)
.pio/build/leonardo/libFrameworkArduino.a(new.cpp.o)
                              .pio/build/leonardo/src/mouse.cpp.o (symbol from plugin) (_Znwj)
.pio/build/leonardo/libFrameworkArduino.a(wiring.c.o)
                              .pio/build/leonardo/src/mouse.cpp.o (symbol from plugin) (millis)
.pio/build/leonardo/libFrameworkArduino.a(wiring_analog.c.o)
                              .pio/build/leonardo/src/mouse.cpp.o (symbol from plugin) (analogWrite)
.pio/build/leonardo/libFrameworkArduino.a(wiring_digital.c.o)
                              .pio/build/leonardo/src/mouse.cpp.o (symbol from plugin) (pinMode)
.pio/build/leonardo/libFrameworkArduino.a(PluggableUSB.cpp.o)
                              USBCore.cpp.o (symbol from plugin) (_ZN13PluggableUSB_12getInterfaceEPh)
.pio/build/leonardo/libFrameworkArduino.a(hooks.c.o)
                              wiring.c.o (symbol from plugin) (yield)
.pio/build/leonardo/lib6a5/libI2Cdevlib-Core.a(I2Cdev.cpp.o)
                              MPU6050.cpp.o (symbol from plugin) (_ZN6I2Cdev9readBytesEhhhPhjPv)
/home/mikoaj/.platformio/packages/toolchain-atmelavr/bin/../lib/gcc/avr/7.3.0/avr5/libgcc.a(_exit.o)
                              /home/mikoaj/.platformio/packages/toolchain-atmelavr/bin/../lib/gcc/avr/7.3.0/../../../../avr/lib/avr5/crtatmega32u4.o (exit)
/home/mikoaj/.platformio/packages/toolchain-atmelavr/bin/../lib/gcc/avr/7.3.0/../../../../avr/lib/avr5/libc.a(random.o)
                              WMath.cpp.o (symbol from plugin) (random)
/home/mikoaj/.platformio/packages/toolchain-atmelavr/bin/../lib/gcc/avr/7.3.0/avr5/libgcc.a(_divmodsi4.o)
                              /home/mikoaj/.platformio/packages/toolchain-atmelavr/bin/../lib/gcc/avr/7.3.0/../../../../avr/lib/avr5/libc.a(random.o) (__divmodsi4)
/home/mikoaj/.platformio/packages/toolchain-atmelavr/bin/../lib/gcc/avr/7.3.0/avr5/libgcc.a(_negsi2.o)
                              /home/mikoaj/.platformio/packages/toolchain-atmelavr/bin/../lib/gcc/avr/7.3.0/avr5/libgcc.a(_divmodsi4.o) (__negsi2)
/home/mikoaj/.platformio/packages/toolchain-atmelavr/bin/../lib/gcc/avr/7.3.0/avr5/libgcc.a(_copy_data.o)
                              /home/mikoaj/.platformio/packages/toolchain-atmelavr/bin/../lib/gcc/avr/7.3.0/../../../../avr/lib/avr5/libc.a(random.o) (__do_copy_data)
/home/mikoaj/.platformio/packages/toolchain-atmelavr/bin/../lib/gcc/avr/7.3.0/avr5/libgcc.a(_muluhisi3.o)
                              /home/mikoaj/.platformio/packages/toolchain-atmelavr/bin/../lib/gcc/avr/7.3.0/../../../../avr/lib/avr5/libc.a(random.o) (__muluhisi3)
/home/mikoaj/.platformio/packages/toolchain-atmelavr/bin/../lib/gcc/avr/7.3.0/avr5/libgcc.a(_mulshisi3.o)
[...]
Memory Configuration

Name             Origin             Length             Attributes
text             0x0000000000000000 0x0000000000020000 xr
data             0x0000000000800060 0x000000000000ffa0 rw !x
eeprom           0x0000000000810000 0x0000000000010000 rw !x
fuse             0x0000000000820000 0x0000000000000003 rw !x
lock             0x0000000000830000 0x0000000000000400 rw !x
signature        0x0000000000840000 0x0000000000000400 rw !x
user_signatures  0x0000000000850000 0x0000000000000400 rw !x
*default*        0x0000000000000000 0xffffffffffffffff

Linker script and memory map

Address of section .data set to 0x800100
LOAD /home/mikoaj/.platformio/packages/toolchain-atmelavr/bin/../lib/gcc/avr/7.3.0/../../../../avr/lib/avr5/crtatmega32u4.o
LOAD .pio/build/leonardo/src/JoystickLibraryAdapter.cpp.o
LOAD /tmp/ccfDN5yz.ltrans0.ltrans.o
LOAD .pio/build/leonardo/src/XInputAdapter.cpp.o
LOAD .pio/build/leonardo/src/mouse.cpp.o
START GROUP
LOAD .pio/build/leonardo/lib368/libJoystick.a
LOAD .pio/build/leonardo/lib2de/libXInput.a
LOAD .pio/build/leonardo/lib914/libWire.a
LOAD .pio/build/leonardo/lib6a5/libI2Cdevlib-Core.a
LOAD .pio/build/leonardo/libda4/libI2Cdevlib-MPU6050.a
LOAD .pio/build/leonardo/lib316/libArduinoSTL.a
LOAD .pio/build/leonardo/libFrameworkArduinoVariant.a
LOAD .pio/build/leonardo/libFrameworkArduino.a
END GROUP
LOAD /home/mikoaj/.platformio/packages/toolchain-atmelavr/bin/../lib/gcc/avr/7.3.0/avr5/libgcc.a
LOAD /home/mikoaj/.platformio/packages/toolchain-atmelavr/bin/../lib/gcc/avr/7.3.0/../../../../avr/lib/avr5/libm.a
START GROUP
LOAD /home/mikoaj/.platformio/packages/toolchain-atmelavr/bin/../lib/gcc/avr/7.3.0/avr5/libgcc.a
LOAD /home/mikoaj/.platformio/packages/toolchain-atmelavr/bin/../lib/gcc/avr/7.3.0/../../../../avr/lib/avr5/libm.a
LOAD /home/mikoaj/.platformio/packages/toolchain-atmelavr/bin/../lib/gcc/avr/7.3.0/../../../../avr/lib/avr5/libc.a
LOAD /home/mikoaj/.platformio/packages/toolchain-atmelavr/bin/../lib/gcc/avr/7.3.0/../../../../avr/lib/avr5/libatmega32u4.a
END GROUP
                0x0000000000020000                __TEXT_REGION_LENGTH__ = DEFINED (__TEXT_REGION_LENGTH__)?__TEXT_REGION_LENGTH__:0x20000
                0x000000000000ffa0                __DATA_REGION_LENGTH__ = DEFINED (__DATA_REGION_LENGTH__)?__DATA_REGION_LENGTH__:0xffa0
                0x0000000000010000                __EEPROM_REGION_LENGTH__ = DEFINED (__EEPROM_REGION_LENGTH__)?__EEPROM_REGION_LENGTH__:0x10000
                [0x0000000000000003]                __FUSE_REGION_LENGTH__ = DEFINED (__FUSE_REGION_LENGTH__)?__FUSE_REGION_LENGTH__:0x400
                0x0000000000000400                __LOCK_REGION_LENGTH__ = DEFINED (__LOCK_REGION_LENGTH__)?__LOCK_REGION_LENGTH__:0x400
                0x0000000000000400                __SIGNATURE_REGION_LENGTH__ = DEFINED (__SIGNATURE_REGION_LENGTH__)?__SIGNATURE_REGION_LENGTH__:0x400
                0x0000000000000400                __USER_SIGNATURE_REGION_LENGTH__ = DEFINED (__USER_SIGNATURE_REGION_LENGTH__)?__USER_SIGNATURE_REGION_LENGTH__:0x400

.hash
 *(.hash)

.dynsym
 *(.dynsym)

.dynstr
 *(.dynstr)

.gnu.version
 *(.gnu.version)

.gnu.version_d
 *(.gnu.version_d)

.gnu.version_r
 *(.gnu.version_r)

.rel.init
 *(.rel.init)

.rela.init
 *(.rela.init)

.rel.text
 *(.rel.text)
 *(.rel.text.*)
 *(.rel.gnu.linkonce.t*)

.rela.text
 *(.rela.text)
 *(.rela.text.*)
 *(.rela.gnu.linkonce.t*)

.rel.fini
 *(.rel.fini)

.rela.fini
 *(.rela.fini)

.rel.rodata
 *(.rel.rodata)
 *(.rel.rodata.*)
 *(.rel.gnu.linkonce.r*)

.rela.rodata
 *(.rela.rodata)
 *(.rela.rodata.*)
 *(.rela.gnu.linkonce.r*)

.rel.data
 *(.rel.data)
 *(.rel.data.*)
 *(.rel.gnu.linkonce.d*)

.rela.data
 *(.rela.data)
 *(.rela.data.*)
 *(.rela.gnu.linkonce.d*)

.rel.ctors
 *(.rel.ctors)

.rela.ctors
 *(.rela.ctors)

.rel.dtors
 *(.rel.dtors)

.rela.dtors
 *(.rela.dtors)

.rel.got
 *(.rel.got)

.rela.got
 *(.rela.got)

.rel.bss
 *(.rel.bss)

.rela.bss
 *(.rela.bss)

.rel.plt
 *(.rel.plt)

.rela.plt
 *(.rela.plt)

.text           0x0000000000000000     0x7210
 *(.vectors)
 .vectors       0x0000000000000000       0xac /home/mikoaj/.platformio/packages/toolchain-atmelavr/bin/../lib/gcc/avr/7.3.0/../../../../avr/lib/avr5/crtatmega32u4.o
                0x0000000000000000                __vectors
                0x0000000000000000                __vector_default
 *(.vectors)
 *(.progmem.gcc*)
 .progmem.gcc_fplib
                0x00000000000000ac       0x2d /home/mikoaj/.platformio/packages/toolchain-atmelavr/bin/../lib/gcc/avr/7.3.0/../../../../avr/lib/avr5/libm.a(atan.o)
                0x00000000000000da                . = ALIGN (0x2)
 *fill*         0x00000000000000d9        0x1 
                0x00000000000000da                __trampolines_start = .
 *(.trampolines)
 .trampolines   0x00000000000000da        0x0 linker stubs
 *(.trampolines*)
                0x00000000000000da                __trampolines_end = .
 *libprintf_flt.a:*(.progmem.data)
 *libc.a:*(.progmem.data)
 *(.progmem*)
 .progmem.data  0x00000000000000da      0xd35 /tmp/ccfDN5yz.ltrans0.ltrans.o
                0x0000000000000e10                . = ALIGN (0x2)
 *fill*         0x0000000000000e0f        0x1 
 *(.jumptables)
 *(.jumptables*)
 *(.lowtext)
 *(.lowtext*)
                0x0000000000000e10                __ctors_start = .
 *(.ctors)
 .ctors         0x0000000000000e10        0x2 /tmp/ccfDN5yz.ltrans0.ltrans.o
                0x0000000000000e12                __ctors_end = .
                0x0000000000000e12                __dtors_start = .
 *(.dtors)
 .dtors         0x0000000000000e12        0x2 /tmp/ccfDN5yz.ltrans0.ltrans.o
                0x0000000000000e14                __dtors_end = .
 SORT(*)(.ctors)
 SORT(*)(.dtors)
 *(.init0)
 .init0         0x0000000000000e14        0x0 /home/mikoaj/.platformio/packages/toolchain-atmelavr/bin/../lib/gcc/avr/7.3.0/../../../../avr/lib/avr5/crtatmega32u4.o
                0x0000000000000e14                __init
 *(.init0)
 *(.init1)
 *(.init1)
 *(.init2)
 .init2         0x0000000000000e14        0xc /home/mikoaj/.platformio/packages/toolchain-atmelavr/bin/../lib/gcc/avr/7.3.0/../../../../avr/lib/avr5/crtatmega32u4.o
 *(.init2)
 *(.init3)
 *(.init3)
 *(.init4)
 .init4         0x0000000000000e20       0x16 /home/mikoaj/.platformio/packages/toolchain-atmelavr/bin/../lib/gcc/avr/7.3.0/avr5/libgcc.a(_copy_data.o)
                0x0000000000000e20                __do_copy_data
 .init4         0x0000000000000e36       0x10 /home/mikoaj/.platformio/packages/toolchain-atmelavr/bin/../lib/gcc/avr/7.3.0/avr5/libgcc.a(_clear_bss.o)
                0x0000000000000e36                __do_clear_bss
 *(.init4)
 *(.init5)
 *(.init5)
 *(.init6)
 .init6         0x0000000000000e46       0x16 /home/mikoaj/.platformio/packages/toolchain-atmelavr/bin/../lib/gcc/avr/7.3.0/avr5/libgcc.a(_ctors.o)
                0x0000000000000e46                __do_global_ctors
 *(.init6)
 *(.init7)
 *(.init7)
 *(.init8)
 *(.init8)
 *(.init9)
 .init9         0x0000000000000e5c        0x8 /home/mikoaj/.platformio/packages/toolchain-atmelavr/bin/../lib/gcc/avr/7.3.0/../../../../avr/lib/avr5/crtatmega32u4.o
 *(.init9)
 *(.text)
 .text          0x0000000000000e64        0x4 /home/mikoaj/.platformio/packages/toolchain-atmelavr/bin/../lib/gcc/avr/7.3.0/../../../../avr/lib/avr5/crtatmega32u4.o
                0x0000000000000e64                __vector_38
                0x0000000000000e64                __vector_22
                0x0000000000000e64                __vector_28
                0x0000000000000e64                __vector_32
                0x0000000000000e64                __vector_34
                0x0000000000000e64                __vector_24
                0x0000000000000e64                __vector_12
                0x0000000000000e64                __bad_interrupt
                0x0000000000000e64                __vector_6
                0x0000000000000e64                __vector_31
                0x0000000000000e64                __vector_35
                0x0000000000000e64                __vector_39
                0x0000000000000e64                __vector_30
                0x0000000000000e64                __vector_25
                0x0000000000000e64                __vector_13
                0x0000000000000e64                __vector_17
                0x0000000000000e64                __vector_19
                0x0000000000000e64                __vector_41
                0x0000000000000e64                __vector_27
                0x0000000000000e64                __vector_5
                0x0000000000000e64                __vector_33
                0x0000000000000e64                __vector_37
                0x0000000000000e64                __vector_9
                0x0000000000000e64                __vector_21
                0x0000000000000e64                __vector_15
                0x0000000000000e64                __vector_29
                0x0000000000000e64                __vector_40
                0x0000000000000e64                __vector_8
                0x0000000000000e64                __vector_26
                0x0000000000000e64                __vector_14
                0x0000000000000e64                __vector_16
                0x0000000000000e64                __vector_18
                0x0000000000000e64                __vector_20
                0x0000000000000e64                __vector_42
 .text          0x0000000000000e68     0x5408 /tmp/ccfDN5yz.ltrans0.ltrans.o
                0x00000000000059b6                __vector_23
                0x0000000000005a6c                main
                0x0000000000005a8e                __vector_7
                0x0000000000005adc                __vector_4
                0x0000000000005b2a                __vector_3
                0x0000000000005b78                __vector_2
                0x0000000000005bc6                __vector_1
                0x0000000000005c14                __vector_10
                0x0000000000005d14                __vector_11
                0x0000000000005e96                __vector_36
                0x0000000000006270                . = ALIGN (0x2)
 *(.text.*)
 .text.libgcc.div
                0x0000000000006270       0x2e /home/mikoaj/.platformio/packages/toolchain-atmelavr/bin/../lib/gcc/avr/7.3.0/avr5/libgcc.a(_divmodsi4.o)
                0x0000000000006270                __divmodsi4
 .text.libgcc.div
                0x000000000000629e       0x10 /home/mikoaj/.platformio/packages/toolchain-atmelavr/bin/../lib/gcc/avr/7.3.0/avr5/libgcc.a(_negsi2.o)
                0x000000000000629e                __negsi2
 .text.libgcc.mul
                0x00000000000062ae       0x16 /home/mikoaj/.platformio/packages/toolchain-atmelavr/bin/../lib/gcc/avr/7.3.0/avr5/libgcc.a(_muluhisi3.o)
                0x00000000000062ae                __muluhisi3
 .text.libgcc.div
                0x00000000000062c4       0x44 /home/mikoaj/.platformio/packages/toolchain-atmelavr/bin/../lib/gcc/avr/7.3.0/avr5/libgcc.a(_udivmodsi4.o)
                0x00000000000062c4                __udivmodsi4
 .text.libgcc.mul
                0x0000000000006308       0x1e /home/mikoaj/.platformio/packages/toolchain-atmelavr/bin/../lib/gcc/avr/7.3.0/avr5/libgcc.a(_umulhisi3.o)
                0x0000000000006308                __umulhisi3
 .text.libgcc.mul
                0x0000000000006326       0x20 /home/mikoaj/.platformio/packages/toolchain-atmelavr/bin/../lib/gcc/avr/7.3.0/avr5/libgcc.a(_mulsi3.o)
                0x0000000000006326                __mulsi3
 .text.libgcc   0x0000000000006346        0xc /home/mikoaj/.platformio/packages/toolchain-atmelavr/bin/../lib/gcc/avr/7.3.0/avr5/libgcc.a(_tablejump2.o)
                0x0000000000006346                __tablejump2__
 .text.avr-libc.fplib
                0x0000000000006352        0xe /home/mikoaj/.platformio/packages/toolchain-atmelavr/bin/../lib/gcc/avr/7.3.0/../../../../avr/lib/avr5/libm.a(addsf3.o)
                0x0000000000006352                __subsf3
                0x0000000000006354                __addsf3
 .text.avr-libc.fplib
                0x0000000000006360       0xcc /home/mikoaj/.platformio/packages/toolchain-atmelavr/bin/../lib/gcc/avr/7.3.0/../../../../avr/lib/avr5/libm.a(addsf3x.o)
                0x0000000000006382                __addsf3x
 .text.avr-libc.fplib
                0x000000000000642c       0x86 /home/mikoaj/.platformio/packages/toolchain-atmelavr/bin/../lib/gcc/avr/7.3.0/../../../../avr/lib/avr5/libm.a(atan2.o)
                0x0000000000006452                atan2
 .text.avr-libc.fplib
                0x00000000000064b2       0x5e /home/mikoaj/.platformio/packages/toolchain-atmelavr/bin/../lib/gcc/avr/7.3.0/../../../../avr/lib/avr5/libm.a(atan.o)
                0x00000000000064b2                atan
 .text.avr-libc.fplib
                0x0000000000006510        0xa /home/mikoaj/.platformio/packages/toolchain-atmelavr/bin/../lib/gcc/avr/7.3.0/../../../../avr/lib/avr5/libm.a(cmpsf2.o)
                0x0000000000006510                __lesf2
                0x0000000000006510                __nesf2
                0x0000000000006510                __eqsf2
                0x0000000000006510                __cmpsf2
                0x0000000000006510                __ltsf2
 .text.avr-libc.fplib
                0x000000000000651a        0x8 /home/mikoaj/.platformio/packages/toolchain-atmelavr/bin/../lib/gcc/avr/7.3.0/../../../../avr/lib/avr5/libm.a(divsf3.o)
                0x000000000000651a                __divsf3
 .text.avr-libc.fplib
                0x0000000000006522       0xdc /home/mikoaj/.platformio/packages/toolchain-atmelavr/bin/../lib/gcc/avr/7.3.0/../../../../avr/lib/avr5/libm.a(divsf3x.o)
                0x0000000000006542                __divsf3x
                0x0000000000006548                __divsf3_pse
 .text.avr-libc.fplib
                0x00000000000065fe        0xe /home/mikoaj/.platformio/packages/toolchain-atmelavr/bin/../lib/gcc/avr/7.3.0/../../../../avr/lib/avr5/libm.a(fixsfsi.o)
                0x00000000000065fe                __fixsfsi
 .text.avr-libc.fplib
                0x000000000000660c       0x5e /home/mikoaj/.platformio/packages/toolchain-atmelavr/bin/../lib/gcc/avr/7.3.0/../../../../avr/lib/avr5/libm.a(fixunssfsi.o)
                0x000000000000660c                __fixunssfsi
 .text.avr-libc.fplib
                0x000000000000666a       0x7a /home/mikoaj/.platformio/packages/toolchain-atmelavr/bin/../lib/gcc/avr/7.3.0/../../../../avr/lib/avr5/libm.a(floatsisf.o)
                0x000000000000666a                __floatunsisf
                0x000000000000666e                __floatsisf
 .text.avr-libc.fplib
                0x00000000000066e4       0x48 /home/mikoaj/.platformio/packages/toolchain-atmelavr/bin/../lib/gcc/avr/7.3.0/../../../../avr/lib/avr5/libm.a(fp_cmp.o)
                0x00000000000066e4                __fp_cmp
 .text.avr-libc.fplib
                0x000000000000672c        0xc /home/mikoaj/.platformio/packages/toolchain-atmelavr/bin/../lib/gcc/avr/7.3.0/../../../../avr/lib/avr5/libm.a(fp_inf.o)
                0x000000000000672c                __fp_inf
 .text.avr-libc.fplib
                0x0000000000006738        0x6 /home/mikoaj/.platformio/packages/toolchain-atmelavr/bin/../lib/gcc/avr/7.3.0/../../../../avr/lib/avr5/libm.a(fp_nan.o)
                0x0000000000006738                __fp_nan
 .text.avr-libc.fplib
                0x000000000000673e       0x4e /home/mikoaj/.platformio/packages/toolchain-atmelavr/bin/../lib/gcc/avr/7.3.0/../../../../avr/lib/avr5/libm.a(fp_powser.o)
                0x000000000000673e                __fp_powser
 .text.avr-libc.fplib
                0x000000000000678c        0xe /home/mikoaj/.platformio/packages/toolchain-atmelavr/bin/../lib/gcc/avr/7.3.0/../../../../avr/lib/avr5/libm.a(fp_pscA.o)
                0x000000000000678c                __fp_pscA
 .text.avr-libc.fplib
                0x000000000000679a        0xe /home/mikoaj/.platformio/packages/toolchain-atmelavr/bin/../lib/gcc/avr/7.3.0/../../../../avr/lib/avr5/libm.a(fp_pscB.o)
                0x000000000000679a                __fp_pscB
 .text.avr-libc.fplib
                0x00000000000067a8       0x22 /home/mikoaj/.platformio/packages/toolchain-atmelavr/bin/../lib/gcc/avr/7.3.0/../../../../avr/lib/avr5/libm.a(fp_round.o)
                0x00000000000067a8                __fp_round
 .text.avr-libc.fplib
                0x00000000000067ca       0x44 /home/mikoaj/.platformio/packages/toolchain-atmelavr/bin/../lib/gcc/avr/7.3.0/../../../../avr/lib/avr5/libm.a(fp_split3.o)
                0x00000000000067ca                __fp_split3
                0x00000000000067da                __fp_splitA
 .text.avr-libc.fplib
                0x000000000000680e        0xe /home/mikoaj/.platformio/packages/toolchain-atmelavr/bin/../lib/gcc/avr/7.3.0/../../../../avr/lib/avr5/libm.a(fp_zero.o)
                0x000000000000680e                __fp_zero
                0x0000000000006810                __fp_szero
 .text.avr-libc.fplib
                0x000000000000681c        0xa /home/mikoaj/.platformio/packages/toolchain-atmelavr/bin/../lib/gcc/avr/7.3.0/../../../../avr/lib/avr5/libm.a(gesf2.o)
                0x000000000000681c                __gtsf2
                0x000000000000681c                __gesf2
 .text.avr-libc.fplib
                0x0000000000006826       0x10 /home/mikoaj/.platformio/packages/toolchain-atmelavr/bin/../lib/gcc/avr/7.3.0/../../../../avr/lib/avr5/libm.a(inverse.o)
                0x0000000000006826                inverse
 .text.avr-libc.fplib
                0x0000000000006836        0x8 /home/mikoaj/.platformio/packages/toolchain-atmelavr/bin/../lib/gcc/avr/7.3.0/../../../../avr/lib/avr5/libm.a(mulsf3.o)
                0x0000000000006836                __mulsf3
 .text.avr-libc.fplib
                0x000000000000683e       0xd2 /home/mikoaj/.platformio/packages/toolchain-atmelavr/bin/../lib/gcc/avr/7.3.0/../../../../avr/lib/avr5/libm.a(mulsf3x.o)
                0x000000000000685c                __mulsf3x
                0x0000000000006862                __mulsf3_pse
 .text.avr-libc.fplib
                0x0000000000006910       0x8c /home/mikoaj/.platformio/packages/toolchain-atmelavr/bin/../lib/gcc/avr/7.3.0/../../../../avr/lib/avr5/libm.a(sqrt.o)
                0x000000000000691c                sqrt
                0x000000000000691c                sqrtf
 .text.avr-libc.fplib
                0x000000000000699c        0x8 /home/mikoaj/.platformio/packages/toolchain-atmelavr/bin/../lib/gcc/avr/7.3.0/../../../../avr/lib/avr5/libm.a(square.o)
                0x000000000000699c                square
 .text.avr-libc.fplib
                0x00000000000069a4        0xa /home/mikoaj/.platformio/packages/toolchain-atmelavr/bin/../lib/gcc/avr/7.3.0/../../../../avr/lib/avr5/libm.a(unordsf2.o)
                0x00000000000069a4                __unordsf2
 .text.avr-libc.fplib
                0x00000000000069ae       0x1c /home/mikoaj/.platformio/packages/toolchain-atmelavr/bin/../lib/gcc/avr/7.3.0/../../../../avr/lib/avr5/libm.a(fp_mpack.o)
                0x00000000000069ae                __fp_mpack
                0x00000000000069b2                __fp_mpack_finite
 .text.avr-libc.fplib
                0x00000000000069ca        0xe /home/mikoaj/.platformio/packages/toolchain-atmelavr/bin/../lib/gcc/avr/7.3.0/../../../../avr/lib/avr5/libm.a(fp_norm2.o)
                0x00000000000069ca                __fp_norm2
 .text.avr-libc
                0x00000000000069d8      0x24a /home/mikoaj/.platformio/packages/toolchain-atmelavr/bin/../lib/gcc/avr/7.3.0/../../../../avr/lib/avr5/libc.a(malloc.o)
                0x00000000000069d8                malloc
                0x0000000000006b10                free
 .text.avr-libc
                0x0000000000006c22        0xa /home/mikoaj/.platformio/packages/toolchain-atmelavr/bin/../lib/gcc/avr/7.3.0/../../../../avr/lib/avr5/libc.a(abort.o)
                0x0000000000006c22                abort
 .text.avr-libc
                0x0000000000006c2c       0x1a /home/mikoaj/.platformio/packages/toolchain-atmelavr/bin/../lib/gcc/avr/7.3.0/../../../../avr/lib/avr5/libc.a(memcmp.o)
                0x0000000000006c2c                memcmp
 .text.avr-libc
                0x0000000000006c46       0x46 /home/mikoaj/.platformio/packages/toolchain-atmelavr/bin/../lib/gcc/avr/7.3.0/../../../../avr/lib/avr5/libc.a(sprintf.o)
                0x0000000000006c46                sprintf
 .text.avr-libc
                0x0000000000006c8c      0x3b4 /home/mikoaj/.platformio/packages/toolchain-atmelavr/bin/../lib/gcc/avr/7.3.0/../../../../avr/lib/avr5/libc.a(vfprintf_std.o)
                0x0000000000006c8c                vfprintf
 .text.avr-libc
                0x0000000000007040       0x16 /home/mikoaj/.platformio/packages/toolchain-atmelavr/bin/../lib/gcc/avr/7.3.0/../../../../avr/lib/avr5/libc.a(strnlen_P.o)
                0x0000000000007040                strnlen_P
 .text.avr-libc
                0x0000000000007056       0x16 /home/mikoaj/.platformio/packages/toolchain-atmelavr/bin/../lib/gcc/avr/7.3.0/../../../../avr/lib/avr5/libc.a(strnlen.o)
                0x0000000000007056                strnlen
 .text.avr-libc
                0x000000000000706c       0x60 /home/mikoaj/.platformio/packages/toolchain-atmelavr/bin/../lib/gcc/avr/7.3.0/../../../../avr/lib/avr5/libc.a(fputc.o)
                0x000000000000706c                fputc
 .text.avr-libc
                0x00000000000070cc       0xbc /home/mikoaj/.platformio/packages/toolchain-atmelavr/bin/../lib/gcc/avr/7.3.0/../../../../avr/lib/avr5/libc.a(ultoa_invert.o)
                0x00000000000070cc                __ultoa_invert
 .text.libgcc.prologue
                0x0000000000007188       0x38 /home/mikoaj/.platformio/packages/toolchain-atmelavr/bin/../lib/gcc/avr/7.3.0/avr5/libgcc.a(_prologue.o)
                0x0000000000007188                __prologue_saves__
 .text.libgcc.prologue
                0x00000000000071c0       0x36 /home/mikoaj/.platformio/packages/toolchain-atmelavr/bin/../lib/gcc/avr/7.3.0/avr5/libgcc.a(_epilogue.o)
                0x00000000000071c0                __epilogue_restores__
                0x00000000000071f6                . = ALIGN (0x2)
 *(.fini9)
 .fini9         0x00000000000071f6        0x0 /home/mikoaj/.platformio/packages/toolchain-atmelavr/bin/../lib/gcc/avr/7.3.0/avr5/libgcc.a(_exit.o)
                0x00000000000071f6                exit
                0x00000000000071f6                _exit
 *(.fini9)
 *(.fini8)
 *(.fini8)
 *(.fini7)
 *(.fini7)
 *(.fini6)
 .fini6         0x00000000000071f6       0x16 /home/mikoaj/.platformio/packages/toolchain-atmelavr/bin/../lib/gcc/avr/7.3.0/avr5/libgcc.a(_dtors.o)
                0x00000000000071f6                __do_global_dtors
 *(.fini6)
 *(.fini5)
 *(.fini5)
 *(.fini4)
 *(.fini4)
 *(.fini3)
 *(.fini3)
 *(.fini2)
 *(.fini2)
 *(.fini1)
 *(.fini1)
 *(.fini0)
 .fini0         0x000000000000720c        0x4 /home/mikoaj/.platformio/packages/toolchain-atmelavr/bin/../lib/gcc/avr/7.3.0/avr5/libgcc.a(_exit.o)
 *(.fini0)
                0x0000000000007210                _etext = .

.data           0x0000000000800100      0x180 load address 0x0000000000007210
                0x0000000000800100                PROVIDE (__data_start, .)
 *(.data)
 .data          0x0000000000800100       0x1a /tmp/ccfDN5yz.ltrans0.ltrans.o
 .data          0x000000000080011a        0x6 /home/mikoaj/.platformio/packages/toolchain-atmelavr/bin/../lib/gcc/avr/7.3.0/../../../../avr/lib/avr5/libc.a(malloc.o)
                0x000000000080011a                __malloc_heap_end
                0x000000000080011c                __malloc_heap_start
                0x000000000080011e                __malloc_margin
 *(.data*)
 *(.gnu.linkonce.d*)
 *(.rodata)
 .rodata        0x0000000000800120       0x89 /tmp/ccfDN5yz.ltrans0.ltrans.o
 *(.rodata*)
 .rodata.str1.1
                0x00000000008001a9       0xd6 /tmp/ccfDN5yz.ltrans0.ltrans.o
                                         0xe3 (size before relaxing)
 *(.gnu.linkonce.r*)
                0x0000000000800280                . = ALIGN (0x2)
 *fill*         0x000000000080027f        0x1 
                0x0000000000800280                _edata = .
                0x0000000000800280                PROVIDE (__data_end, .)

.bss            0x0000000000800280      0x26f
                0x0000000000800280                PROVIDE (__bss_start, .)
 *(.bss)
 .bss           0x0000000000800280      0x26b /tmp/ccfDN5yz.ltrans0.ltrans.o
 *(.bss*)
 *(COMMON)
 COMMON         0x00000000008004eb        0x4 /home/mikoaj/.platformio/packages/toolchain-atmelavr/bin/../lib/gcc/avr/7.3.0/../../../../avr/lib/avr5/libc.a(malloc.o)
                0x00000000008004eb                __brkval
                0x00000000008004ed                __flp
                0x00000000008004ef                PROVIDE (__bss_end, .)
                0x0000000000007210                __data_load_start = LOADADDR (.data)
                0x0000000000007390                __data_load_end = (__data_load_start + SIZEOF (.data))

.noinit         0x00000000008004ef        0x0
                [!provide]                        PROVIDE (__noinit_start, .)
 *(.noinit*)
                [!provide]                        PROVIDE (__noinit_end, .)
                0x00000000008004ef                _end = .
                0x00000000008004ef                PROVIDE (__heap_start, .)

.eeprom         0x0000000000810000        0x0
 *(.eeprom*)
                0x0000000000810000                __eeprom_end = .

.fuse
 *(.fuse)
 *(.lfuse)
 *(.hfuse)
 *(.efuse)

.lock
 *(.lock*)

.signature
 *(.signature*)

.user_signatures
 *(.user_signatures*)

.stab
 *(.stab)

.stabstr
 *(.stabstr)

.stab.excl
 *(.stab.excl)

.stab.exclstr
 *(.stab.exclstr)

.stab.index
 *(.stab.index)

.stab.indexstr
 *(.stab.indexstr)

.comment        0x0000000000000000       0x11
 *(.comment)
 .comment       0x0000000000000000       0x11 /tmp/ccfDN5yz.ltrans0.ltrans.o
                                         0x12 (size before relaxing)
 .comment       0x0000000000000011       0x12 /home/mikoaj/.platformio/packages/toolchain-atmelavr/bin/../lib/gcc/avr/7.3.0/../../../../avr/lib/avr5/libc.a(malloc.o)
 .comment       0x0000000000000011       0x12 /home/mikoaj/.platformio/packages/toolchain-atmelavr/bin/../lib/gcc/avr/7.3.0/../../../../avr/lib/avr5/libc.a(sprintf.o)
 .comment       0x0000000000000011       0x12 /home/mikoaj/.platformio/packages/toolchain-atmelavr/bin/../lib/gcc/avr/7.3.0/../../../../avr/lib/avr5/libc.a(vfprintf_std.o)
 .comment       0x0000000000000011       0x12 /home/mikoaj/.platformio/packages/toolchain-atmelavr/bin/../lib/gcc/avr/7.3.0/../../../../avr/lib/avr5/libc.a(fputc.o)

.note.gnu.avr.deviceinfo
                0x0000000000000000       0x40
 .note.gnu.avr.deviceinfo
                0x0000000000000000       0x40 /home/mikoaj/.platformio/packages/toolchain-atmelavr/bin/../lib/gcc/avr/7.3.0/../../../../avr/lib/avr5/crtatmega32u4.o

.note.gnu.build-id
 *(.note.gnu.build-id)

.debug
 *(.debug)

.line
 *(.line)

.debug_srcinfo
 *(.debug_srcinfo)

.debug_sfnames
 *(.debug_sfnames)

.debug_aranges  0x0000000000000000      0x1e0
 *(.debug_aranges)
 .debug_aranges
                0x0000000000000000       0x20 /tmp/ccfDN5yz.ltrans0.ltrans.o
 .debug_aranges
                0x0000000000000020       0x20 /home/mikoaj/.platformio/packages/toolchain-atmelavr/bin/../lib/gcc/avr/7.3.0/avr5/libgcc.a(_exit.o)
 .debug_aranges
                0x0000000000000040       0x20 /home/mikoaj/.platformio/packages/toolchain-atmelavr/bin/../lib/gcc/avr/7.3.0/avr5/libgcc.a(_divmodsi4.o)
 .debug_aranges
                0x0000000000000060       0x20 /home/mikoaj/.platformio/packages/toolchain-atmelavr/bin/../lib/gcc/avr/7.3.0/avr5/libgcc.a(_negsi2.o)
 .debug_aranges
                0x0000000000000080       0x20 /home/mikoaj/.platformio/packages/toolchain-atmelavr/bin/../lib/gcc/avr/7.3.0/avr5/libgcc.a(_copy_data.o)
 .debug_aranges
                0x00000000000000a0       0x20 /home/mikoaj/.platformio/packages/toolchain-atmelavr/bin/../lib/gcc/avr/7.3.0/avr5/libgcc.a(_muluhisi3.o)
 .debug_aranges
                0x00000000000000c0       0x20 /home/mikoaj/.platformio/packages/toolchain-atmelavr/bin/../lib/gcc/avr/7.3.0/avr5/libgcc.a(_udivmodsi4.o)
 .debug_aranges
                0x00000000000000e0       0x20 /home/mikoaj/.platformio/packages/toolchain-atmelavr/bin/../lib/gcc/avr/7.3.0/avr5/libgcc.a(_umulhisi3.o)
 .debug_aranges
                0x0000000000000100       0x20 /home/mikoaj/.platformio/packages/toolchain-atmelavr/bin/../lib/gcc/avr/7.3.0/avr5/libgcc.a(_mulsi3.o)
 .debug_aranges
                0x0000000000000120       0x20 /home/mikoaj/.platformio/packages/toolchain-atmelavr/bin/../lib/gcc/avr/7.3.0/avr5/libgcc.a(_tablejump2.o)
 .debug_aranges
                0x0000000000000140       0x20 /home/mikoaj/.platformio/packages/toolchain-atmelavr/bin/../lib/gcc/avr/7.3.0/avr5/libgcc.a(_clear_bss.o)
 .debug_aranges
                0x0000000000000160       0x20 /home/mikoaj/.platformio/packages/toolchain-atmelavr/bin/../lib/gcc/avr/7.3.0/avr5/libgcc.a(_ctors.o)
 .debug_aranges
                0x0000000000000180       0x20 /home/mikoaj/.platformio/packages/toolchain-atmelavr/bin/../lib/gcc/avr/7.3.0/avr5/libgcc.a(_dtors.o)
 .debug_aranges
                0x00000000000001a0       0x20 /home/mikoaj/.platformio/packages/toolchain-atmelavr/bin/../lib/gcc/avr/7.3.0/avr5/libgcc.a(_prologue.o)
 .debug_aranges
                0x00000000000001c0       0x20 /home/mikoaj/.platformio/packages/toolchain-atmelavr/bin/../lib/gcc/avr/7.3.0/avr5/libgcc.a(_epilogue.o)

.debug_pubnames
 *(.debug_pubnames)

.debug_info     0x0000000000000000     0xc057
 *(.debug_info .gnu.linkonce.wi.*)
 .debug_info    0x0000000000000000      0x9f4 /home/mikoaj/.platformio/packages/toolchain-atmelavr/bin/../lib/gcc/avr/7.3.0/../../../../avr/lib/avr5/crtatmega32u4.o
 .debug_info    0x00000000000009f4     0xad09 /tmp/ccfDN5yz.ltrans0.ltrans.o
 .debug_info    0x000000000000b6fd       0xab /home/mikoaj/.platformio/packages/toolchain-atmelavr/bin/../lib/gcc/avr/7.3.0/avr5/libgcc.a(_exit.o)
 .debug_info    0x000000000000b7a8       0xab /home/mikoaj/.platformio/packages/toolchain-atmelavr/bin/../lib/gcc/avr/7.3.0/avr5/libgcc.a(_divmodsi4.o)
 .debug_info    0x000000000000b853       0xab /home/mikoaj/.platformio/packages/toolchain-atmelavr/bin/../lib/gcc/avr/7.3.0/avr5/libgcc.a(_negsi2.o)
 .debug_info    0x000000000000b8fe       0xab /home/mikoaj/.platformio/packages/toolchain-atmelavr/bin/../lib/gcc/avr/7.3.0/avr5/libgcc.a(_copy_data.o)
 .debug_info    0x000000000000b9a9       0xab /home/mikoaj/.platformio/packages/toolchain-atmelavr/bin/../lib/gcc/avr/7.3.0/avr5/libgcc.a(_muluhisi3.o)
 .debug_info    0x000000000000ba54       0xab /home/mikoaj/.platformio/packages/toolchain-atmelavr/bin/../lib/gcc/avr/7.3.0/avr5/libgcc.a(_udivmodsi4.o)
 .debug_info    0x000000000000baff       0xab /home/mikoaj/.platformio/packages/toolchain-atmelavr/bin/../lib/gcc/avr/7.3.0/avr5/libgcc.a(_umulhisi3.o)
 .debug_info    0x000000000000bbaa       0xab /home/mikoaj/.platformio/packages/toolchain-atmelavr/bin/../lib/gcc/avr/7.3.0/avr5/libgcc.a(_mulsi3.o)
 .debug_info    0x000000000000bc55       0xab /home/mikoaj/.platformio/packages/toolchain-atmelavr/bin/../lib/gcc/avr/7.3.0/avr5/libgcc.a(_tablejump2.o)
 .debug_info    0x000000000000bd00       0xab /home/mikoaj/.platformio/packages/toolchain-atmelavr/bin/../lib/gcc/avr/7.3.0/avr5/libgcc.a(_clear_bss.o)
 .debug_info    0x000000000000bdab       0xab /home/mikoaj/.platformio/packages/toolchain-atmelavr/bin/../lib/gcc/avr/7.3.0/avr5/libgcc.a(_ctors.o)
 .debug_info    0x000000000000be56       0xab /home/mikoaj/.platformio/packages/toolchain-atmelavr/bin/../lib/gcc/avr/7.3.0/avr5/libgcc.a(_dtors.o)
 .debug_info    0x000000000000bf01       0xab /home/mikoaj/.platformio/packages/toolchain-atmelavr/bin/../lib/gcc/avr/7.3.0/avr5/libgcc.a(_prologue.o)
 .debug_info    0x000000000000bfac       0xab /home/mikoaj/.platformio/packages/toolchain-atmelavr/bin/../lib/gcc/avr/7.3.0/avr5/libgcc.a(_epilogue.o)

.debug_abbrev   0x0000000000000000     0x154f
 *(.debug_abbrev)
 .debug_abbrev  0x0000000000000000      0x96a /home/mikoaj/.platformio/packages/toolchain-atmelavr/bin/../lib/gcc/avr/7.3.0/../../../../avr/lib/avr5/crtatmega32u4.o
 .debug_abbrev  0x000000000000096a      0xacd /tmp/ccfDN5yz.ltrans0.ltrans.o
 .debug_abbrev  0x0000000000001437       0x14 /home/mikoaj/.platformio/packages/toolchain-atmelavr/bin/../lib/gcc/avr/7.3.0/avr5/libgcc.a(_exit.o)
 .debug_abbrev  0x000000000000144b       0x14 /home/mikoaj/.platformio/packages/toolchain-atmelavr/bin/../lib/gcc/avr/7.3.0/avr5/libgcc.a(_divmodsi4.o)
 .debug_abbrev  0x000000000000145f       0x14 /home/mikoaj/.platformio/packages/toolchain-atmelavr/bin/../lib/gcc/avr/7.3.0/avr5/libgcc.a(_negsi2.o)
 .debug_abbrev  0x0000000000001473       0x14 /home/mikoaj/.platformio/packages/toolchain-atmelavr/bin/../lib/gcc/avr/7.3.0/avr5/libgcc.a(_copy_data.o)
 .debug_abbrev  0x0000000000001487       0x14 /home/mikoaj/.platformio/packages/toolchain-atmelavr/bin/../lib/gcc/avr/7.3.0/avr5/libgcc.a(_muluhisi3.o)
 .debug_abbrev  0x000000000000149b       0x14 /home/mikoaj/.platformio/packages/toolchain-atmelavr/bin/../lib/gcc/avr/7.3.0/avr5/libgcc.a(_udivmodsi4.o)
 .debug_abbrev  0x00000000000014af       0x14 /home/mikoaj/.platformio/packages/toolchain-atmelavr/bin/../lib/gcc/avr/7.3.0/avr5/libgcc.a(_umulhisi3.o)
 .debug_abbrev  0x00000000000014c3       0x14 /home/mikoaj/.platformio/packages/toolchain-atmelavr/bin/../lib/gcc/avr/7.3.0/avr5/libgcc.a(_mulsi3.o)
 .debug_abbrev  0x00000000000014d7       0x14 /home/mikoaj/.platformio/packages/toolchain-atmelavr/bin/../lib/gcc/avr/7.3.0/avr5/libgcc.a(_tablejump2.o)
 .debug_abbrev  0x00000000000014eb       0x14 /home/mikoaj/.platformio/packages/toolchain-atmelavr/bin/../lib/gcc/avr/7.3.0/avr5/libgcc.a(_clear_bss.o)
 .debug_abbrev  0x00000000000014ff       0x14 /home/mikoaj/.platformio/packages/toolchain-atmelavr/bin/../lib/gcc/avr/7.3.0/avr5/libgcc.a(_ctors.o)
 .debug_abbrev  0x0000000000001513       0x14 /home/mikoaj/.platformio/packages/toolchain-atmelavr/bin/../lib/gcc/avr/7.3.0/avr5/libgcc.a(_dtors.o)
 .debug_abbrev  0x0000000000001527       0x14 /home/mikoaj/.platformio/packages/toolchain-atmelavr/bin/../lib/gcc/avr/7.3.0/avr5/libgcc.a(_prologue.o)
 .debug_abbrev  0x000000000000153b       0x14 /home/mikoaj/.platformio/packages/toolchain-atmelavr/bin/../lib/gcc/avr/7.3.0/avr5/libgcc.a(_epilogue.o)

.debug_line     0x0000000000000000     0x3c47
 *(.debug_line .debug_line.* .debug_line_end)
 .debug_line    0x0000000000000000       0x1a /home/mikoaj/.platformio/packages/toolchain-atmelavr/bin/../lib/gcc/avr/7.3.0/../../../../avr/lib/avr5/crtatmega32u4.o
 .debug_line    0x000000000000001a     0x32d5 /tmp/ccfDN5yz.ltrans0.ltrans.o
 .debug_line    0x00000000000032ef       0x62 /home/mikoaj/.platformio/packages/toolchain-atmelavr/bin/../lib/gcc/avr/7.3.0/avr5/libgcc.a(_exit.o)
 .debug_line    0x0000000000003351       0xce /home/mikoaj/.platformio/packages/toolchain-atmelavr/bin/../lib/gcc/avr/7.3.0/avr5/libgcc.a(_divmodsi4.o)
 .debug_line    0x000000000000341f       0x62 /home/mikoaj/.platformio/packages/toolchain-atmelavr/bin/../lib/gcc/avr/7.3.0/avr5/libgcc.a(_negsi2.o)
 .debug_line    0x0000000000003481       0x98 /home/mikoaj/.platformio/packages/toolchain-atmelavr/bin/../lib/gcc/avr/7.3.0/avr5/libgcc.a(_copy_data.o)
 .debug_line    0x0000000000003519       0x92 /home/mikoaj/.platformio/packages/toolchain-atmelavr/bin/../lib/gcc/avr/7.3.0/avr5/libgcc.a(_muluhisi3.o)
 .debug_line    0x00000000000035ab      0x122 /home/mikoaj/.platformio/packages/toolchain-atmelavr/bin/../lib/gcc/avr/7.3.0/avr5/libgcc.a(_udivmodsi4.o)
 .debug_line    0x00000000000036cd       0xb0 /home/mikoaj/.platformio/packages/toolchain-atmelavr/bin/../lib/gcc/avr/7.3.0/avr5/libgcc.a(_umulhisi3.o)
 .debug_line    0x000000000000377d       0xb0 /home/mikoaj/.platformio/packages/toolchain-atmelavr/bin/../lib/gcc/avr/7.3.0/avr5/libgcc.a(_mulsi3.o)
 .debug_line    0x000000000000382d       0x7a /home/mikoaj/.platformio/packages/toolchain-atmelavr/bin/../lib/gcc/avr/7.3.0/avr5/libgcc.a(_tablejump2.o)
 .debug_line    0x00000000000038a7       0x86 /home/mikoaj/.platformio/packages/toolchain-atmelavr/bin/../lib/gcc/avr/7.3.0/avr5/libgcc.a(_clear_bss.o)
 .debug_line    0x000000000000392d       0x92 /home/mikoaj/.platformio/packages/toolchain-atmelavr/bin/../lib/gcc/avr/7.3.0/avr5/libgcc.a(_ctors.o)
 .debug_line    0x00000000000039bf       0x92 /home/mikoaj/.platformio/packages/toolchain-atmelavr/bin/../lib/gcc/avr/7.3.0/avr5/libgcc.a(_dtors.o)
 .debug_line    0x0000000000003a51       0xfe /home/mikoaj/.platformio/packages/toolchain-atmelavr/bin/../lib/gcc/avr/7.3.0/avr5/libgcc.a(_prologue.o)
 .debug_line    0x0000000000003b4f       0xf8 /home/mikoaj/.platformio/packages/toolchain-atmelavr/bin/../lib/gcc/avr/7.3.0/avr5/libgcc.a(_epilogue.o)

.debug_frame    0x0000000000000000     0x1de8
 *(.debug_frame)
 .debug_frame   0x0000000000000000     0x1de8 /tmp/ccfDN5yz.ltrans0.ltrans.o

.debug_str      0x0000000000000000     0x2366
 *(.debug_str)
 .debug_str     0x0000000000000000      0x371 /home/mikoaj/.platformio/packages/toolchain-atmelavr/bin/../lib/gcc/avr/7.3.0/../../../../avr/lib/avr5/crtatmega32u4.o
 .debug_str     0x0000000000000371     0x1ff5 /tmp/ccfDN5yz.ltrans0.ltrans.o
                                       0x2296 (size before relaxing)

.debug_loc      0x0000000000000000     0xb34b
 *(.debug_loc)
 .debug_loc     0x0000000000000000     0xb34b /tmp/ccfDN5yz.ltrans0.ltrans.o

.debug_macinfo
 *(.debug_macinfo)

.debug_weaknames
 *(.debug_weaknames)

.debug_funcnames
 *(.debug_funcnames)

.debug_typenames
 *(.debug_typenames)

.debug_varnames
 *(.debug_varnames)

.debug_pubtypes
 *(.debug_pubtypes)

.debug_ranges   0x0000000000000000      0x318
 *(.debug_ranges)
 .debug_ranges  0x0000000000000000      0x318 /tmp/ccfDN5yz.ltrans0.ltrans.o

.debug_macro
 *(.debug_macro)
OUTPUT(.pio/build/leonardo/firmware.elf elf32-avr)
LOAD linker stubs
