Archive member included to satisfy reference by file (symbol)

.pio/build/leonardo/lib368/libJoystick.a(Joystick.cpp.o)
                              .pio/build/leonardo/src/mouse.cpp.o (symbol from plugin) (_ZN9Joystick_C1Ehhhhbbbbbbbbbbb)
.pio/build/leonardo/lib368/libJoystick.a(DynamicHID.cpp.o)
                              Joystick.cpp.o (symbol from plugin) (_ZN11DynamicHID_16AppendDescriptorEP23DynamicHIDSubDescriptor)
.pio/build/leonardo/lib914/libWire.a(Wire.cpp.o)
                              .pio/build/leonardo/src/mouse.cpp.o (symbol from plugin) (Wire)
.pio/build/leonardo/lib914/libWire.a(twi.c.o)
                              Wire.cpp.o (symbol from plugin) (twi_init)
.pio/build/leonardo/libda4/libI2Cdevlib-MPU6050.a(MPU6050.cpp.o)
                              .pio/build/leonardo/src/mouse.cpp.o (symbol from plugin) (_ZN12MPU6050_BaseC2EhPv)
.pio/build/leonardo/libda4/libI2Cdevlib-MPU6050.a(MPU6050_6Axis_MotionApps612.cpp.o)
                              .pio/build/leonardo/src/mouse.cpp.o (symbol from plugin) (_ZN27MPU6050_6Axis_MotionApps61213dmpInitializeEv)
.pio/build/leonardo/lib316/libArduinoSTL.a(func_exception.cpp.o)
                              .pio/build/leonardo/src/mouse.cpp.o (symbol from plugin) (_ZSt20__throw_out_of_rangePKc)
.pio/build/leonardo/libFrameworkArduino.a(CDC.cpp.o)
                              MPU6050.cpp.o (symbol from plugin) (_ZN7Serial_5writeEh)
.pio/build/leonardo/libFrameworkArduino.a(PluggableUSB.cpp.o)
                              DynamicHID.cpp.o (symbol from plugin) (_ZN13PluggableUSB_4plugEP18PluggableUSBModule)
.pio/build/leonardo/libFrameworkArduino.a(Print.cpp.o)
                              .pio/build/leonardo/src/mouse.cpp.o (symbol from plugin) (_ZN5Print5printEPK19__FlashStringHelper)
.pio/build/leonardo/libFrameworkArduino.a(USBCore.cpp.o)
                              PluggableUSB.cpp.o (symbol from plugin) (_initEndpoints)
.pio/build/leonardo/libFrameworkArduino.a(WInterrupts.c.o)
                              .pio/build/leonardo/src/mouse.cpp.o (symbol from plugin) (attachInterrupt)
.pio/build/leonardo/libFrameworkArduino.a(WMath.cpp.o)
                              .pio/build/leonardo/src/mouse.cpp.o (symbol from plugin) (_Z3maplllll)
.pio/build/leonardo/libFrameworkArduino.a(abi.cpp.o)
                              Print.cpp.o (symbol from plugin) (__cxa_pure_virtual)
.pio/build/leonardo/libFrameworkArduino.a(main.cpp.o)
                              /home/mikoaj/.platformio/packages/toolchain-atmelavr/bin/../lib/gcc/avr/7.3.0/../../../../avr/lib/avr5/crtatmega32u4.o (main)
.pio/build/leonardo/libFrameworkArduino.a(new.cpp.o)
                              .pio/build/leonardo/src/mouse.cpp.o (symbol from plugin) (_Znwj)
.pio/build/leonardo/libFrameworkArduino.a(wiring.c.o)
                              .pio/build/leonardo/src/mouse.cpp.o (symbol from plugin) (millis)
.pio/build/leonardo/libFrameworkArduino.a(wiring_analog.c.o)
                              .pio/build/leonardo/src/mouse.cpp.o (symbol from plugin) (analogWrite)
.pio/build/leonardo/libFrameworkArduino.a(wiring_digital.c.o)
                              .pio/build/leonardo/src/mouse.cpp.o (symbol from plugin) (pinMode)
.pio/build/leonardo/libFrameworkArduino.a(hooks.c.o)
                              wiring.c.o (symbol from plugin) (yield)
.pio/build/leonardo/lib6a5/libI2Cdevlib-Core.a(I2Cdev.cpp.o)
                              MPU6050.cpp.o (symbol from plugin) (_ZN6I2Cdev9readBytesEhhhPhjPv)
/home/mikoaj/.platformio/packages/toolchain-atmelavr/bin/../lib/gcc/avr/7.3.0/avr5/libgcc.a(_exit.o)
                              /home/mikoaj/.platformio/packages/toolchain-atmelavr/bin/../lib/gcc/avr/7.3.0/../../../../avr/lib/avr5/crtatmega32u4.o (exit)
/home/mikoaj/.platformio/packages/toolchain-atmelavr/bin/../lib/gcc/avr/7.3.0/../../../../avr/lib/avr5/libc.a(random.o)
                              WMath.cpp.o (symbol from plugin) (random)
/home/mikoaj/.platformio/packages/toolchain-atmelavr/bin/../lib/gcc/avr/7.3.0/avr5/libgcc.a(_divmodsi4.o)
                              /home/mikoaj/.platformio/packages/toolchain-atmelavr/bin/../lib/gcc/avr/7.3.0/../../../../avr/lib/avr5/libc.a(random.o) (__divmodsi4)
/home/mikoaj/.platformio/packages/toolchain-atmelavr/bin/../lib/gcc/avr/7.3.0/avr5/libgcc.a(_negsi2.o)
                              /home/mikoaj/.platformio/packages/toolchain-atmelavr/bin/../lib/gcc/avr/7.3.0/avr5/libgcc.a(_divmodsi4.o) (__negsi2)
/home/mikoaj/.platformio/packages/toolchain-atmelavr/bin/../lib/gcc/avr/7.3.0/avr5/libgcc.a(_copy_data.o)
                              /home/mikoaj/.platformio/packages/toolchain-atmelavr/bin/../lib/gcc/avr/7.3.0/../../../../avr/lib/avr5/libc.a(random.o) (__do_copy_data)
/home/mikoaj/.platformio/packages/toolchain-atmelavr/bin/../lib/gcc/avr/7.3.0/avr5/libgcc.a(_muluhisi3.o)
                              /home/mikoaj/.platformio/packages/toolchain-atmelavr/bin/../lib/gcc/avr/7.3.0/../../../../avr/lib/avr5/libc.a(random.o) (__muluhisi3)
/home/mikoaj/.platformio/packages/toolchain-atmelavr/bin/../lib/gcc/avr/7.3.0/avr5/libgcc.a(_mulshisi3.o)
                              /home/mikoaj/.platformio/packages/toolchain-atmelavr/bin/../lib/gcc/avr/7.3.0/../../../../avr/lib/avr5/libc.a(random.o) (__mulohisi3)
/home/mikoaj/.platformio/packages/toolchain-atmelavr/bin/../lib/gcc/avr/7.3.0/avr5/libgcc.a(_udivmodsi4.o)
                              /home/mikoaj/.platformio/packages/toolchain-atmelavr/bin/../lib/gcc/avr/7.3.0/avr5/libgcc.a(_divmodsi4.o) (__udivmodsi4)
/home/mikoaj/.platformio/packages/toolchain-atmelavr/bin/../lib/gcc/avr/7.3.0/avr5/libgcc.a(_umulhisi3.o)
                              /home/mikoaj/.platformio/packages/toolchain-atmelavr/bin/../lib/gcc/avr/7.3.0/avr5/libgcc.a(_muluhisi3.o) (__umulhisi3)
/home/mikoaj/.platformio/packages/toolchain-atmelavr/bin/../lib/gcc/avr/7.3.0/avr5/libgcc.a(_divmodhi4.o)
                              /tmp/cchTFifx.ltrans0.ltrans.o (__divmodhi4)
/home/mikoaj/.platformio/packages/toolchain-atmelavr/bin/../lib/gcc/avr/7.3.0/avr5/libgcc.a(_tablejump2.o)
                              /tmp/cchTFifx.ltrans0.ltrans.o (__tablejump2__)
/home/mikoaj/.platformio/packages/toolchain-atmelavr/bin/../lib/gcc/avr/7.3.0/avr5/libgcc.a(_clear_bss.o)
                              /tmp/cchTFifx.ltrans0.ltrans.o (__do_clear_bss)
/home/mikoaj/.platformio/packages/toolchain-atmelavr/bin/../lib/gcc/avr/7.3.0/avr5/libgcc.a(_ctors.o)
                              /tmp/cchTFifx.ltrans0.ltrans.o (__do_global_ctors)
/home/mikoaj/.platformio/packages/toolchain-atmelavr/bin/../lib/gcc/avr/7.3.0/avr5/libgcc.a(_dtors.o)
                              /tmp/cchTFifx.ltrans0.ltrans.o (__do_global_dtors)
/home/mikoaj/.platformio/packages/toolchain-atmelavr/bin/../lib/gcc/avr/7.3.0/avr5/libgcc.a(_udivmodhi4.o)
                              /home/mikoaj/.platformio/packages/toolchain-atmelavr/bin/../lib/gcc/avr/7.3.0/avr5/libgcc.a(_divmodhi4.o) (__udivmodhi4)
/home/mikoaj/.platformio/packages/toolchain-atmelavr/bin/../lib/gcc/avr/7.3.0/../../../../avr/lib/avr5/libm.a(addsf3.o)
                              /tmp/cchTFifx.ltrans0.ltrans.o (__subsf3)
/home/mikoaj/.platformio/packages/toolchain-atmelavr/bin/../lib/gcc/avr/7.3.0/../../../../avr/lib/avr5/libm.a(addsf3x.o)
                              /home/mikoaj/.platformio/packages/toolchain-atmelavr/bin/../lib/gcc/avr/7.3.0/../../../../avr/lib/avr5/libm.a(addsf3.o) (__addsf3x)
/home/mikoaj/.platformio/packages/toolchain-atmelavr/bin/../lib/gcc/avr/7.3.0/../../../../avr/lib/avr5/libm.a(atan2.o)
                              /tmp/cchTFifx.ltrans0.ltrans.o (atan2)
/home/mikoaj/.platformio/packages/toolchain-atmelavr/bin/../lib/gcc/avr/7.3.0/../../../../avr/lib/avr5/libm.a(atan.o)
                              /home/mikoaj/.platformio/packages/toolchain-atmelavr/bin/../lib/gcc/avr/7.3.0/../../../../avr/lib/avr5/libm.a(atan2.o) (atan)
/home/mikoaj/.platformio/packages/toolchain-atmelavr/bin/../lib/gcc/avr/7.3.0/../../../../avr/lib/avr5/libm.a(cmpsf2.o)
                              /tmp/cchTFifx.ltrans0.ltrans.o (__ltsf2)
/home/mikoaj/.platformio/packages/toolchain-atmelavr/bin/../lib/gcc/avr/7.3.0/../../../../avr/lib/avr5/libm.a(divsf3.o)
                              /tmp/cchTFifx.ltrans0.ltrans.o (__divsf3)
/home/mikoaj/.platformio/packages/toolchain-atmelavr/bin/../lib/gcc/avr/7.3.0/../../../../avr/lib/avr5/libm.a(divsf3x.o)
                              /home/mikoaj/.platformio/packages/toolchain-atmelavr/bin/../lib/gcc/avr/7.3.0/../../../../avr/lib/avr5/libm.a(divsf3.o) (__divsf3x)
/home/mikoaj/.platformio/packages/toolchain-atmelavr/bin/../lib/gcc/avr/7.3.0/../../../../avr/lib/avr5/libm.a(fixsfsi.o)
                              /tmp/cchTFifx.ltrans0.ltrans.o (__fixsfsi)
/home/mikoaj/.platformio/packages/toolchain-atmelavr/bin/../lib/gcc/avr/7.3.0/../../../../avr/lib/avr5/libm.a(fixunssfsi.o)
                              /tmp/cchTFifx.ltrans0.ltrans.o (__fixunssfsi)
/home/mikoaj/.platformio/packages/toolchain-atmelavr/bin/../lib/gcc/avr/7.3.0/../../../../avr/lib/avr5/libm.a(floatsisf.o)
                              /tmp/cchTFifx.ltrans0.ltrans.o (__floatunsisf)
/home/mikoaj/.platformio/packages/toolchain-atmelavr/bin/../lib/gcc/avr/7.3.0/../../../../avr/lib/avr5/libm.a(fp_cmp.o)
                              /home/mikoaj/.platformio/packages/toolchain-atmelavr/bin/../lib/gcc/avr/7.3.0/../../../../avr/lib/avr5/libm.a(cmpsf2.o) (__fp_cmp)
/home/mikoaj/.platformio/packages/toolchain-atmelavr/bin/../lib/gcc/avr/7.3.0/../../../../avr/lib/avr5/libm.a(fp_inf.o)
                              /home/mikoaj/.platformio/packages/toolchain-atmelavr/bin/../lib/gcc/avr/7.3.0/../../../../avr/lib/avr5/libm.a(addsf3x.o) (__fp_inf)
/home/mikoaj/.platformio/packages/toolchain-atmelavr/bin/../lib/gcc/avr/7.3.0/../../../../avr/lib/avr5/libm.a(fp_nan.o)
                              /home/mikoaj/.platformio/packages/toolchain-atmelavr/bin/../lib/gcc/avr/7.3.0/../../../../avr/lib/avr5/libm.a(addsf3x.o) (__fp_nan)
/home/mikoaj/.platformio/packages/toolchain-atmelavr/bin/../lib/gcc/avr/7.3.0/../../../../avr/lib/avr5/libm.a(fp_powser.o)
                              /home/mikoaj/.platformio/packages/toolchain-atmelavr/bin/../lib/gcc/avr/7.3.0/../../../../avr/lib/avr5/libm.a(atan.o) (__fp_powser)
/home/mikoaj/.platformio/packages/toolchain-atmelavr/bin/../lib/gcc/avr/7.3.0/../../../../avr/lib/avr5/libm.a(fp_pscA.o)
                              /home/mikoaj/.platformio/packages/toolchain-atmelavr/bin/../lib/gcc/avr/7.3.0/../../../../avr/lib/avr5/libm.a(addsf3x.o) (__fp_pscA)
/home/mikoaj/.platformio/packages/toolchain-atmelavr/bin/../lib/gcc/avr/7.3.0/../../../../avr/lib/avr5/libm.a(fp_pscB.o)
                              /home/mikoaj/.platformio/packages/toolchain-atmelavr/bin/../lib/gcc/avr/7.3.0/../../../../avr/lib/avr5/libm.a(addsf3x.o) (__fp_pscB)
/home/mikoaj/.platformio/packages/toolchain-atmelavr/bin/../lib/gcc/avr/7.3.0/../../../../avr/lib/avr5/libm.a(fp_round.o)
                              /home/mikoaj/.platformio/packages/toolchain-atmelavr/bin/../lib/gcc/avr/7.3.0/../../../../avr/lib/avr5/libm.a(addsf3.o) (__fp_round)
/home/mikoaj/.platformio/packages/toolchain-atmelavr/bin/../lib/gcc/avr/7.3.0/../../../../avr/lib/avr5/libm.a(fp_split3.o)
                              /home/mikoaj/.platformio/packages/toolchain-atmelavr/bin/../lib/gcc/avr/7.3.0/../../../../avr/lib/avr5/libm.a(addsf3x.o) (__fp_split3)
/home/mikoaj/.platformio/packages/toolchain-atmelavr/bin/../lib/gcc/avr/7.3.0/../../../../avr/lib/avr5/libm.a(fp_zero.o)
                              /home/mikoaj/.platformio/packages/toolchain-atmelavr/bin/../lib/gcc/avr/7.3.0/../../../../avr/lib/avr5/libm.a(addsf3x.o) (__fp_zero)
/home/mikoaj/.platformio/packages/toolchain-atmelavr/bin/../lib/gcc/avr/7.3.0/../../../../avr/lib/avr5/libm.a(gesf2.o)
                              /tmp/cchTFifx.ltrans0.ltrans.o (__gtsf2)
/home/mikoaj/.platformio/packages/toolchain-atmelavr/bin/../lib/gcc/avr/7.3.0/../../../../avr/lib/avr5/libm.a(inverse.o)
                              /home/mikoaj/.platformio/packages/toolchain-atmelavr/bin/../lib/gcc/avr/7.3.0/../../../../avr/lib/avr5/libm.a(atan.o) (inverse)
/home/mikoaj/.platformio/packages/toolchain-atmelavr/bin/../lib/gcc/avr/7.3.0/../../../../avr/lib/avr5/libm.a(mulsf3.o)
                              /tmp/cchTFifx.ltrans0.ltrans.o (__mulsf3)
/home/mikoaj/.platformio/packages/toolchain-atmelavr/bin/../lib/gcc/avr/7.3.0/../../../../avr/lib/avr5/libm.a(mulsf3x.o)
                              /home/mikoaj/.platformio/packages/toolchain-atmelavr/bin/../lib/gcc/avr/7.3.0/../../../../avr/lib/avr5/libm.a(atan.o) (__mulsf3x)
/home/mikoaj/.platformio/packages/toolchain-atmelavr/bin/../lib/gcc/avr/7.3.0/../../../../avr/lib/avr5/libm.a(sqrt.o)
                              /tmp/cchTFifx.ltrans0.ltrans.o (sqrt)
/home/mikoaj/.platformio/packages/toolchain-atmelavr/bin/../lib/gcc/avr/7.3.0/../../../../avr/lib/avr5/libm.a(square.o)
                              /home/mikoaj/.platformio/packages/toolchain-atmelavr/bin/../lib/gcc/avr/7.3.0/../../../../avr/lib/avr5/libm.a(atan.o) (square)
/home/mikoaj/.platformio/packages/toolchain-atmelavr/bin/../lib/gcc/avr/7.3.0/../../../../avr/lib/avr5/libm.a(unordsf2.o)
                              /tmp/cchTFifx.ltrans0.ltrans.o (__unordsf2)
/home/mikoaj/.platformio/packages/toolchain-atmelavr/bin/../lib/gcc/avr/7.3.0/../../../../avr/lib/avr5/libm.a(fp_mpack.o)
                              /home/mikoaj/.platformio/packages/toolchain-atmelavr/bin/../lib/gcc/avr/7.3.0/../../../../avr/lib/avr5/libm.a(sqrt.o) (__fp_mpack)
/home/mikoaj/.platformio/packages/toolchain-atmelavr/bin/../lib/gcc/avr/7.3.0/../../../../avr/lib/avr5/libm.a(fp_norm2.o)
                              /home/mikoaj/.platformio/packages/toolchain-atmelavr/bin/../lib/gcc/avr/7.3.0/../../../../avr/lib/avr5/libm.a(sqrt.o) (__fp_norm2)
/home/mikoaj/.platformio/packages/toolchain-atmelavr/bin/../lib/gcc/avr/7.3.0/../../../../avr/lib/avr5/libc.a(malloc.o)
                              /tmp/cchTFifx.ltrans0.ltrans.o (malloc)
/home/mikoaj/.platformio/packages/toolchain-atmelavr/bin/../lib/gcc/avr/7.3.0/../../../../avr/lib/avr5/libc.a(abort.o)
                              /tmp/cchTFifx.ltrans0.ltrans.o (abort)
/home/mikoaj/.platformio/packages/toolchain-atmelavr/bin/../lib/gcc/avr/7.3.0/../../../../avr/lib/avr5/libc.a(memcmp.o)
                              /tmp/cchTFifx.ltrans0.ltrans.o (memcmp)
/home/mikoaj/.platformio/packages/toolchain-atmelavr/bin/../lib/gcc/avr/7.3.0/../../../../avr/lib/avr5/libc.a(memcpy.o)
                              /tmp/cchTFifx.ltrans0.ltrans.o (memcpy)

Allocating common symbols
Common symbol       size              file

__brkval            0x2               /home/mikoaj/.platformio/packages/toolchain-atmelavr/bin/../lib/gcc/avr/7.3.0/../../../../avr/lib/avr5/libc.a(malloc.o)
__flp               0x2               /home/mikoaj/.platformio/packages/toolchain-atmelavr/bin/../lib/gcc/avr/7.3.0/../../../../avr/lib/avr5/libc.a(malloc.o)

Discarded input sections

 .data          0x0000000000000000        0x0 /home/mikoaj/.platformio/packages/toolchain-atmelavr/bin/../lib/gcc/avr/7.3.0/../../../../avr/lib/avr5/crtatmega32u4.o
 .bss           0x0000000000000000        0x0 /home/mikoaj/.platformio/packages/toolchain-atmelavr/bin/../lib/gcc/avr/7.3.0/../../../../avr/lib/avr5/crtatmega32u4.o
 .text          0x0000000000000000        0x0 .pio/build/leonardo/src/JoystickLibraryAdapter.cpp.o (symbol from plugin)
 .avr.prop      0x0000000000000000       0x1f /tmp/cchTFifx.ltrans0.ltrans.o
 .text          0x0000000000000000        0x0 .pio/build/leonardo/src/XInputAdapter.cpp.o (symbol from plugin)
 .text          0x0000000000000000        0x0 .pio/build/leonardo/src/mouse.cpp.o (symbol from plugin)
 .gnu.linkonce.t._ZN22JoystickLibraryAdapter6setXYZEil
                0x0000000000000000        0x0 .pio/build/leonardo/src/mouse.cpp.o (symbol from plugin)
 .gnu.linkonce.t._ZN22JoystickLibraryAdapter9setRXRYRZEil
                0x0000000000000000        0x0 .pio/build/leonardo/src/mouse.cpp.o (symbol from plugin)
 .gnu.linkonce.t._ZN22JoystickLibraryAdapter4sendEv
                0x0000000000000000        0x0 .pio/build/leonardo/src/mouse.cpp.o (symbol from plugin)
 .gnu.linkonce.t._ZN22JoystickLibraryAdapter5beginEv
                0x0000000000000000        0x0 .pio/build/leonardo/src/mouse.cpp.o (symbol from plugin)
 .gnu.linkonce.t._ZN22JoystickLibraryAdapter13setXAxisRangeEii
                0x0000000000000000        0x0 .pio/build/leonardo/src/mouse.cpp.o (symbol from plugin)
 .gnu.linkonce.t._ZN22JoystickLibraryAdapter13setYAxisRangeEii
                0x0000000000000000        0x0 .pio/build/leonardo/src/mouse.cpp.o (symbol from plugin)
 .gnu.linkonce.t._ZN22JoystickLibraryAdapter13setZAxisRangeEii
                0x0000000000000000        0x0 .pio/build/leonardo/src/mouse.cpp.o (symbol from plugin)
 .gnu.linkonce.t._ZN22JoystickLibraryAdapter14setRxAxisRangeEii
                0x0000000000000000        0x0 .pio/build/leonardo/src/mouse.cpp.o (symbol from plugin)
 .gnu.linkonce.t._ZN22JoystickLibraryAdapter14setRyAxisRangeEii
                0x0000000000000000        0x0 .pio/build/leonardo/src/mouse.cpp.o (symbol from plugin)
 .gnu.linkonce.t._ZN22JoystickLibraryAdapter14setRzAxisRangeEii
                0x0000000000000000        0x0 .pio/build/leonardo/src/mouse.cpp.o (symbol from plugin)
 .gnu.linkonce.t._ZN22JoystickLibraryAdapterD5Ev
                0x0000000000000000        0x0 .pio/build/leonardo/src/mouse.cpp.o (symbol from plugin)
 .gnu.linkonce.t._ZN10QuaternionC5Ev
                0x0000000000000000        0x0 .pio/build/leonardo/src/mouse.cpp.o (symbol from plugin)
 .gnu.linkonce.t._ZN11VectorFloatC5Ev
                0x0000000000000000        0x0 .pio/build/leonardo/src/mouse.cpp.o (symbol from plugin)
 .gnu.linkonce.t._ZN9Joystick_13setXAxisRangeEll
                0x0000000000000000        0x0 .pio/build/leonardo/src/mouse.cpp.o (symbol from plugin)
 .gnu.linkonce.t._ZN9Joystick_13setYAxisRangeEll
                0x0000000000000000        0x0 .pio/build/leonardo/src/mouse.cpp.o (symbol from plugin)
 .gnu.linkonce.t._ZN9Joystick_13setZAxisRangeEll
                0x0000000000000000        0x0 .pio/build/leonardo/src/mouse.cpp.o (symbol from plugin)
 .gnu.linkonce.t._ZN9Joystick_14setRxAxisRangeEll
                0x0000000000000000        0x0 .pio/build/leonardo/src/mouse.cpp.o (symbol from plugin)
 .gnu.linkonce.t._ZN9Joystick_14setRyAxisRangeEll
                0x0000000000000000        0x0 .pio/build/leonardo/src/mouse.cpp.o (symbol from plugin)
 .gnu.linkonce.t._ZN9Joystick_14setRzAxisRangeEll
                0x0000000000000000        0x0 .pio/build/leonardo/src/mouse.cpp.o (symbol from plugin)
 .gnu.linkonce.t._ZN22JoystickLibraryAdapterC5ER17JoystickInterface
                0x0000000000000000        0x0 .pio/build/leonardo/src/mouse.cpp.o (symbol from plugin)
 .gnu.linkonce.t._ZTV22JoystickLibraryAdapter
                0x0000000000000000        0x0 .pio/build/leonardo/src/mouse.cpp.o (symbol from plugin)
 .gnu.linkonce.t._ZNKSt5dequeIfSaIfEE10deque_iterneERKS2_
                0x0000000000000000        0x0 .pio/build/leonardo/src/mouse.cpp.o (symbol from plugin)
 .gnu.linkonce.t._ZNSt5dequeIfSaIfEEC5ERKS0_
                0x0000000000000000        0x0 .pio/build/leonardo/src/mouse.cpp.o (symbol from plugin)
 .gnu.linkonce.t._ZNSt5arrayISt5dequeIfSaIfEELj3EEC5Ev
                0x0000000000000000        0x0 .pio/build/leonardo/src/mouse.cpp.o (symbol from plugin)
 .gnu.linkonce.t._ZNKSt5dequeIfSaIfEE13array_elementEj
                0x0000000000000000        0x0 .pio/build/leonardo/src/mouse.cpp.o (symbol from plugin)
 .gnu.linkonce.t._ZNSt5dequeIfSaIfEE2atEj
                0x0000000000000000        0x0 .pio/build/leonardo/src/mouse.cpp.o (symbol from plugin)
 .gnu.linkonce.t._ZNSt5dequeIfSaIfEE10deque_iterdeEv
                0x0000000000000000        0x0 .pio/build/leonardo/src/mouse.cpp.o (symbol from plugin)
 .gnu.linkonce.t._ZNSt5dequeIfSaIfEE9pop_frontEv
                0x0000000000000000        0x0 .pio/build/leonardo/src/mouse.cpp.o (symbol from plugin)
 .gnu.linkonce.t._ZNSt5dequeIfSaIfEE7reserveEj
                0x0000000000000000        0x0 .pio/build/leonardo/src/mouse.cpp.o (symbol from plugin)
 .gnu.linkonce.t._ZNSt5dequeIfSaIfEE9push_backERKf
                0x0000000000000000        0x0 .pio/build/leonardo/src/mouse.cpp.o (symbol from plugin)
 .gnu.linkonce.t._ZNSt5dequeIfSaIfEE8pop_backEv
                0x0000000000000000        0x0 .pio/build/leonardo/src/mouse.cpp.o (symbol from plugin)
 .gnu.linkonce.t._ZNSt5dequeIfSaIfEE5clearEv
                0x0000000000000000        0x0 .pio/build/leonardo/src/mouse.cpp.o (symbol from plugin)
 .gnu.linkonce.t._ZNSt5dequeIfSaIfEED5Ev
                0x0000000000000000        0x0 .pio/build/leonardo/src/mouse.cpp.o (symbol from plugin)
 .gnu.linkonce.t._ZNSt5arrayISt5dequeIfSaIfEELj3EED5Ev
                0x0000000000000000        0x0 .pio/build/leonardo/src/mouse.cpp.o (symbol from plugin)
 .text          0x0000000000000000        0x0 Joystick.cpp.o (symbol from plugin)
 .gnu.linkonce.t._ZN9Joystick_13setXAxisRangeEll
                0x0000000000000000        0x0 Joystick.cpp.o (symbol from plugin)
 .gnu.linkonce.t._ZN9Joystick_13setYAxisRangeEll
                0x0000000000000000        0x0 Joystick.cpp.o (symbol from plugin)
 .gnu.linkonce.t._ZN9Joystick_13setZAxisRangeEll
                0x0000000000000000        0x0 Joystick.cpp.o (symbol from plugin)
 .gnu.linkonce.t._ZN9Joystick_14setRxAxisRangeEll
                0x0000000000000000        0x0 Joystick.cpp.o (symbol from plugin)
 .gnu.linkonce.t._ZN9Joystick_14setRyAxisRangeEll
                0x0000000000000000        0x0 Joystick.cpp.o (symbol from plugin)
 .gnu.linkonce.t._ZN9Joystick_14setRzAxisRangeEll
                0x0000000000000000        0x0 Joystick.cpp.o (symbol from plugin)
 .gnu.linkonce.t._ZN9Joystick_D5Ev
                0x0000000000000000        0x0 Joystick.cpp.o (symbol from plugin)
 .gnu.linkonce.t._ZTV9Joystick_
                0x0000000000000000        0x0 Joystick.cpp.o (symbol from plugin)
 .text          0x0000000000000000        0x0 DynamicHID.cpp.o (symbol from plugin)
 .gnu.linkonce.t._ZTV11DynamicHID_
                0x0000000000000000        0x0 DynamicHID.cpp.o (symbol from plugin)
 .text          0x0000000000000000        0x0 Wire.cpp.o (symbol from plugin)
 .gnu.linkonce.t._ZN5Print17availableForWriteEv
                0x0000000000000000        0x0 Wire.cpp.o (symbol from plugin)
 .gnu.linkonce.t._ZTV7TwoWire
                0x0000000000000000        0x0 Wire.cpp.o (symbol from plugin)
 .text          0x0000000000000000        0x0 twi.c.o (symbol from plugin)
 .text          0x0000000000000000        0x0 MPU6050.cpp.o (symbol from plugin)
 .text          0x0000000000000000        0x0 MPU6050_6Axis_MotionApps612.cpp.o (symbol from plugin)
 .gnu.linkonce.t._ZN10Quaternion10getProductES_
                0x0000000000000000        0x0 MPU6050_6Axis_MotionApps612.cpp.o (symbol from plugin)
 .gnu.linkonce.t._ZN10Quaternion12getConjugateEv
                0x0000000000000000        0x0 MPU6050_6Axis_MotionApps612.cpp.o (symbol from plugin)
 .gnu.linkonce.t._ZN11VectorInt166rotateEP10Quaternion
                0x0000000000000000        0x0 MPU6050_6Axis_MotionApps612.cpp.o (symbol from plugin)
 .text          0x0000000000000000        0x0 func_exception.cpp.o (symbol from plugin)
 .text          0x0000000000000000        0x0 CDC.cpp.o (symbol from plugin)
 .gnu.linkonce.t._ZN7Serial_C5Ev
                0x0000000000000000        0x0 CDC.cpp.o (symbol from plugin)
 .gnu.linkonce.t._ZTV7Serial_
                0x0000000000000000        0x0 CDC.cpp.o (symbol from plugin)
 .text          0x0000000000000000        0x0 PluggableUSB.cpp.o (symbol from plugin)
 .gnu.linkonce.t._ZN18PluggableUSBModule12getShortNameEPc
                0x0000000000000000        0x0 PluggableUSB.cpp.o (symbol from plugin)
 .text          0x0000000000000000        0x0 Print.cpp.o (symbol from plugin)
 .gnu.linkonce.t._ZN5Print17availableForWriteEv
                0x0000000000000000        0x0 Print.cpp.o (symbol from plugin)
 .gnu.linkonce.t._ZN5Print5flushEv
                0x0000000000000000        0x0 Print.cpp.o (symbol from plugin)
 .gnu.linkonce.t._ZN5Print5writeEPKc
                0x0000000000000000        0x0 Print.cpp.o (symbol from plugin)
 .gnu.linkonce.t._ZN5Print5writeEPKcj
                0x0000000000000000        0x0 Print.cpp.o (symbol from plugin)
 .gnu.linkonce.t._ZTV5Print
                0x0000000000000000        0x0 Print.cpp.o (symbol from plugin)
 .text          0x0000000000000000        0x0 USBCore.cpp.o (symbol from plugin)
 .gnu.linkonce.t._ZN6LockEPC5Eh
                0x0000000000000000        0x0 USBCore.cpp.o (symbol from plugin)
 .text          0x0000000000000000        0x0 WInterrupts.c.o (symbol from plugin)
 .text          0x0000000000000000        0x0 WMath.cpp.o (symbol from plugin)
 .text          0x0000000000000000        0x0 abi.cpp.o (symbol from plugin)
 .text          0x0000000000000000        0x0 main.cpp.o (symbol from plugin)
 .text          0x0000000000000000        0x0 new.cpp.o (symbol from plugin)
 .text          0x0000000000000000        0x0 wiring.c.o (symbol from plugin)
 .text          0x0000000000000000        0x0 wiring_analog.c.o (symbol from plugin)
 .text          0x0000000000000000        0x0 wiring_digital.c.o (symbol from plugin)
 .text          0x0000000000000000        0x0 hooks.c.o (symbol from plugin)
 .text          0x0000000000000000        0x0 I2Cdev.cpp.o (symbol from plugin)
 .text          0x0000000000000000        0x0 /home/mikoaj/.platformio/packages/toolchain-atmelavr/bin/../lib/gcc/avr/7.3.0/avr5/libgcc.a(_exit.o)
 .data          0x0000000000000000        0x0 /home/mikoaj/.platformio/packages/toolchain-atmelavr/bin/../lib/gcc/avr/7.3.0/avr5/libgcc.a(_exit.o)
 .bss           0x0000000000000000        0x0 /home/mikoaj/.platformio/packages/toolchain-atmelavr/bin/../lib/gcc/avr/7.3.0/avr5/libgcc.a(_exit.o)
 .text.libgcc.mul
                0x0000000000000000        0x0 /home/mikoaj/.platformio/packages/toolchain-atmelavr/bin/../lib/gcc/avr/7.3.0/avr5/libgcc.a(_exit.o)
 .text.libgcc.div
                0x0000000000000000        0x0 /home/mikoaj/.platformio/packages/toolchain-atmelavr/bin/../lib/gcc/avr/7.3.0/avr5/libgcc.a(_exit.o)
 .text.libgcc   0x0000000000000000        0x0 /home/mikoaj/.platformio/packages/toolchain-atmelavr/bin/../lib/gcc/avr/7.3.0/avr5/libgcc.a(_exit.o)
 .text.libgcc.prologue
                0x0000000000000000        0x0 /home/mikoaj/.platformio/packages/toolchain-atmelavr/bin/../lib/gcc/avr/7.3.0/avr5/libgcc.a(_exit.o)
 .text.libgcc.builtins
                0x0000000000000000        0x0 /home/mikoaj/.platformio/packages/toolchain-atmelavr/bin/../lib/gcc/avr/7.3.0/avr5/libgcc.a(_exit.o)
 .text.libgcc.fmul
                0x0000000000000000        0x0 /home/mikoaj/.platformio/packages/toolchain-atmelavr/bin/../lib/gcc/avr/7.3.0/avr5/libgcc.a(_exit.o)
 .text.libgcc.fixed
                0x0000000000000000        0x0 /home/mikoaj/.platformio/packages/toolchain-atmelavr/bin/../lib/gcc/avr/7.3.0/avr5/libgcc.a(_exit.o)
 .text          0x0000000000000000        0x0 /home/mikoaj/.platformio/packages/toolchain-atmelavr/bin/../lib/gcc/avr/7.3.0/../../../../avr/lib/avr5/libc.a(random.o)
 .data          0x0000000000000000        0x4 /home/mikoaj/.platformio/packages/toolchain-atmelavr/bin/../lib/gcc/avr/7.3.0/../../../../avr/lib/avr5/libc.a(random.o)
 .bss           0x0000000000000000        0x0 /home/mikoaj/.platformio/packages/toolchain-atmelavr/bin/../lib/gcc/avr/7.3.0/../../../../avr/lib/avr5/libc.a(random.o)
 .text.avr-libc
                0x0000000000000000      0x148 /home/mikoaj/.platformio/packages/toolchain-atmelavr/bin/../lib/gcc/avr/7.3.0/../../../../avr/lib/avr5/libc.a(random.o)
 .comment       0x0000000000000000       0x12 /home/mikoaj/.platformio/packages/toolchain-atmelavr/bin/../lib/gcc/avr/7.3.0/../../../../avr/lib/avr5/libc.a(random.o)
 .text          0x0000000000000000        0x0 /home/mikoaj/.platformio/packages/toolchain-atmelavr/bin/../lib/gcc/avr/7.3.0/avr5/libgcc.a(_divmodsi4.o)
 .data          0x0000000000000000        0x0 /home/mikoaj/.platformio/packages/toolchain-atmelavr/bin/../lib/gcc/avr/7.3.0/avr5/libgcc.a(_divmodsi4.o)
 .bss           0x0000000000000000        0x0 /home/mikoaj/.platformio/packages/toolchain-atmelavr/bin/../lib/gcc/avr/7.3.0/avr5/libgcc.a(_divmodsi4.o)
 .text.libgcc.mul
                0x0000000000000000        0x0 /home/mikoaj/.platformio/packages/toolchain-atmelavr/bin/../lib/gcc/avr/7.3.0/avr5/libgcc.a(_divmodsi4.o)
 .text.libgcc   0x0000000000000000        0x0 /home/mikoaj/.platformio/packages/toolchain-atmelavr/bin/../lib/gcc/avr/7.3.0/avr5/libgcc.a(_divmodsi4.o)
 .text.libgcc.prologue
                0x0000000000000000        0x0 /home/mikoaj/.platformio/packages/toolchain-atmelavr/bin/../lib/gcc/avr/7.3.0/avr5/libgcc.a(_divmodsi4.o)
 .text.libgcc.builtins
                0x0000000000000000        0x0 /home/mikoaj/.platformio/packages/toolchain-atmelavr/bin/../lib/gcc/avr/7.3.0/avr5/libgcc.a(_divmodsi4.o)
 .text.libgcc.fmul
                0x0000000000000000        0x0 /home/mikoaj/.platformio/packages/toolchain-atmelavr/bin/../lib/gcc/avr/7.3.0/avr5/libgcc.a(_divmodsi4.o)
 .text.libgcc.fixed
                0x0000000000000000        0x0 /home/mikoaj/.platformio/packages/toolchain-atmelavr/bin/../lib/gcc/avr/7.3.0/avr5/libgcc.a(_divmodsi4.o)
 .text          0x0000000000000000        0x0 /home/mikoaj/.platformio/packages/toolchain-atmelavr/bin/../lib/gcc/avr/7.3.0/avr5/libgcc.a(_negsi2.o)
 .data          0x0000000000000000        0x0 /home/mikoaj/.platformio/packages/toolchain-atmelavr/bin/../lib/gcc/avr/7.3.0/avr5/libgcc.a(_negsi2.o)
 .bss           0x0000000000000000        0x0 /home/mikoaj/.platformio/packages/toolchain-atmelavr/bin/../lib/gcc/avr/7.3.0/avr5/libgcc.a(_negsi2.o)
 .text.libgcc.mul
                0x0000000000000000        0x0 /home/mikoaj/.platformio/packages/toolchain-atmelavr/bin/../lib/gcc/avr/7.3.0/avr5/libgcc.a(_negsi2.o)
 .text.libgcc   0x0000000000000000        0x0 /home/mikoaj/.platformio/packages/toolchain-atmelavr/bin/../lib/gcc/avr/7.3.0/avr5/libgcc.a(_negsi2.o)
 .text.libgcc.prologue
                0x0000000000000000        0x0 /home/mikoaj/.platformio/packages/toolchain-atmelavr/bin/../lib/gcc/avr/7.3.0/avr5/libgcc.a(_negsi2.o)
 .text.libgcc.builtins
                0x0000000000000000        0x0 /home/mikoaj/.platformio/packages/toolchain-atmelavr/bin/../lib/gcc/avr/7.3.0/avr5/libgcc.a(_negsi2.o)
 .text.libgcc.fmul
                0x0000000000000000        0x0 /home/mikoaj/.platformio/packages/toolchain-atmelavr/bin/../lib/gcc/avr/7.3.0/avr5/libgcc.a(_negsi2.o)
 .text.libgcc.fixed
                0x0000000000000000        0x0 /home/mikoaj/.platformio/packages/toolchain-atmelavr/bin/../lib/gcc/avr/7.3.0/avr5/libgcc.a(_negsi2.o)
 .text          0x0000000000000000        0x0 /home/mikoaj/.platformio/packages/toolchain-atmelavr/bin/../lib/gcc/avr/7.3.0/avr5/libgcc.a(_copy_data.o)
 .data          0x0000000000000000        0x0 /home/mikoaj/.platformio/packages/toolchain-atmelavr/bin/../lib/gcc/avr/7.3.0/avr5/libgcc.a(_copy_data.o)
 .bss           0x0000000000000000        0x0 /home/mikoaj/.platformio/packages/toolchain-atmelavr/bin/../lib/gcc/avr/7.3.0/avr5/libgcc.a(_copy_data.o)
 .text.libgcc.mul
                0x0000000000000000        0x0 /home/mikoaj/.platformio/packages/toolchain-atmelavr/bin/../lib/gcc/avr/7.3.0/avr5/libgcc.a(_copy_data.o)
 .text.libgcc.div
                0x0000000000000000        0x0 /home/mikoaj/.platformio/packages/toolchain-atmelavr/bin/../lib/gcc/avr/7.3.0/avr5/libgcc.a(_copy_data.o)
 .text.libgcc   0x0000000000000000        0x0 /home/mikoaj/.platformio/packages/toolchain-atmelavr/bin/../lib/gcc/avr/7.3.0/avr5/libgcc.a(_copy_data.o)
 .text.libgcc.prologue
                0x0000000000000000        0x0 /home/mikoaj/.platformio/packages/toolchain-atmelavr/bin/../lib/gcc/avr/7.3.0/avr5/libgcc.a(_copy_data.o)
 .text.libgcc.builtins
                0x0000000000000000        0x0 /home/mikoaj/.platformio/packages/toolchain-atmelavr/bin/../lib/gcc/avr/7.3.0/avr5/libgcc.a(_copy_data.o)
 .text.libgcc.fmul
                0x0000000000000000        0x0 /home/mikoaj/.platformio/packages/toolchain-atmelavr/bin/../lib/gcc/avr/7.3.0/avr5/libgcc.a(_copy_data.o)
 .text.libgcc.fixed
                0x0000000000000000        0x0 /home/mikoaj/.platformio/packages/toolchain-atmelavr/bin/../lib/gcc/avr/7.3.0/avr5/libgcc.a(_copy_data.o)
 .text          0x0000000000000000        0x0 /home/mikoaj/.platformio/packages/toolchain-atmelavr/bin/../lib/gcc/avr/7.3.0/avr5/libgcc.a(_muluhisi3.o)
 .data          0x0000000000000000        0x0 /home/mikoaj/.platformio/packages/toolchain-atmelavr/bin/../lib/gcc/avr/7.3.0/avr5/libgcc.a(_muluhisi3.o)
 .bss           0x0000000000000000        0x0 /home/mikoaj/.platformio/packages/toolchain-atmelavr/bin/../lib/gcc/avr/7.3.0/avr5/libgcc.a(_muluhisi3.o)
 .text.libgcc.div
                0x0000000000000000        0x0 /home/mikoaj/.platformio/packages/toolchain-atmelavr/bin/../lib/gcc/avr/7.3.0/avr5/libgcc.a(_muluhisi3.o)
 .text.libgcc   0x0000000000000000        0x0 /home/mikoaj/.platformio/packages/toolchain-atmelavr/bin/../lib/gcc/avr/7.3.0/avr5/libgcc.a(_muluhisi3.o)
 .text.libgcc.prologue
                0x0000000000000000        0x0 /home/mikoaj/.platformio/packages/toolchain-atmelavr/bin/../lib/gcc/avr/7.3.0/avr5/libgcc.a(_muluhisi3.o)
 .text.libgcc.builtins
                0x0000000000000000        0x0 /home/mikoaj/.platformio/packages/toolchain-atmelavr/bin/../lib/gcc/avr/7.3.0/avr5/libgcc.a(_muluhisi3.o)
 .text.libgcc.fmul
                0x0000000000000000        0x0 /home/mikoaj/.platformio/packages/toolchain-atmelavr/bin/../lib/gcc/avr/7.3.0/avr5/libgcc.a(_muluhisi3.o)
 .text.libgcc.fixed
                0x0000000000000000        0x0 /home/mikoaj/.platformio/packages/toolchain-atmelavr/bin/../lib/gcc/avr/7.3.0/avr5/libgcc.a(_muluhisi3.o)
 .text          0x0000000000000000        0x0 /home/mikoaj/.platformio/packages/toolchain-atmelavr/bin/../lib/gcc/avr/7.3.0/avr5/libgcc.a(_mulshisi3.o)
 .data          0x0000000000000000        0x0 /home/mikoaj/.platformio/packages/toolchain-atmelavr/bin/../lib/gcc/avr/7.3.0/avr5/libgcc.a(_mulshisi3.o)
 .bss           0x0000000000000000        0x0 /home/mikoaj/.platformio/packages/toolchain-atmelavr/bin/../lib/gcc/avr/7.3.0/avr5/libgcc.a(_mulshisi3.o)
 .text.libgcc.mul
                0x0000000000000000       0x10 /home/mikoaj/.platformio/packages/toolchain-atmelavr/bin/../lib/gcc/avr/7.3.0/avr5/libgcc.a(_mulshisi3.o)
 .text.libgcc.div
                0x0000000000000000        0x0 /home/mikoaj/.platformio/packages/toolchain-atmelavr/bin/../lib/gcc/avr/7.3.0/avr5/libgcc.a(_mulshisi3.o)
 .text.libgcc   0x0000000000000000        0x0 /home/mikoaj/.platformio/packages/toolchain-atmelavr/bin/../lib/gcc/avr/7.3.0/avr5/libgcc.a(_mulshisi3.o)
 .text.libgcc.prologue
                0x0000000000000000        0x0 /home/mikoaj/.platformio/packages/toolchain-atmelavr/bin/../lib/gcc/avr/7.3.0/avr5/libgcc.a(_mulshisi3.o)
 .text.libgcc.builtins
                0x0000000000000000        0x0 /home/mikoaj/.platformio/packages/toolchain-atmelavr/bin/../lib/gcc/avr/7.3.0/avr5/libgcc.a(_mulshisi3.o)
 .text.libgcc.fmul
                0x0000000000000000        0x0 /home/mikoaj/.platformio/packages/toolchain-atmelavr/bin/../lib/gcc/avr/7.3.0/avr5/libgcc.a(_mulshisi3.o)
 .text.libgcc.fixed
                0x0000000000000000        0x0 /home/mikoaj/.platformio/packages/toolchain-atmelavr/bin/../lib/gcc/avr/7.3.0/avr5/libgcc.a(_mulshisi3.o)
 .debug_line    0x0000000000000000       0x7a /home/mikoaj/.platformio/packages/toolchain-atmelavr/bin/../lib/gcc/avr/7.3.0/avr5/libgcc.a(_mulshisi3.o)
 .debug_info    0x0000000000000000       0xab /home/mikoaj/.platformio/packages/toolchain-atmelavr/bin/../lib/gcc/avr/7.3.0/avr5/libgcc.a(_mulshisi3.o)
 .debug_abbrev  0x0000000000000000       0x14 /home/mikoaj/.platformio/packages/toolchain-atmelavr/bin/../lib/gcc/avr/7.3.0/avr5/libgcc.a(_mulshisi3.o)
 .debug_aranges
                0x0000000000000000       0x20 /home/mikoaj/.platformio/packages/toolchain-atmelavr/bin/../lib/gcc/avr/7.3.0/avr5/libgcc.a(_mulshisi3.o)
 .text          0x0000000000000000        0x0 /home/mikoaj/.platformio/packages/toolchain-atmelavr/bin/../lib/gcc/avr/7.3.0/avr5/libgcc.a(_udivmodsi4.o)
 .data          0x0000000000000000        0x0 /home/mikoaj/.platformio/packages/toolchain-atmelavr/bin/../lib/gcc/avr/7.3.0/avr5/libgcc.a(_udivmodsi4.o)
 .bss           0x0000000000000000        0x0 /home/mikoaj/.platformio/packages/toolchain-atmelavr/bin/../lib/gcc/avr/7.3.0/avr5/libgcc.a(_udivmodsi4.o)
 .text.libgcc.mul
                0x0000000000000000        0x0 /home/mikoaj/.platformio/packages/toolchain-atmelavr/bin/../lib/gcc/avr/7.3.0/avr5/libgcc.a(_udivmodsi4.o)
 .text.libgcc   0x0000000000000000        0x0 /home/mikoaj/.platformio/packages/toolchain-atmelavr/bin/../lib/gcc/avr/7.3.0/avr5/libgcc.a(_udivmodsi4.o)
 .text.libgcc.prologue
                0x0000000000000000        0x0 /home/mikoaj/.platformio/packages/toolchain-atmelavr/bin/../lib/gcc/avr/7.3.0/avr5/libgcc.a(_udivmodsi4.o)
 .text.libgcc.builtins
                0x0000000000000000        0x0 /home/mikoaj/.platformio/packages/toolchain-atmelavr/bin/../lib/gcc/avr/7.3.0/avr5/libgcc.a(_udivmodsi4.o)
 .text.libgcc.fmul
                0x0000000000000000        0x0 /home/mikoaj/.platformio/packages/toolchain-atmelavr/bin/../lib/gcc/avr/7.3.0/avr5/libgcc.a(_udivmodsi4.o)
 .text.libgcc.fixed
                0x0000000000000000        0x0 /home/mikoaj/.platformio/packages/toolchain-atmelavr/bin/../lib/gcc/avr/7.3.0/avr5/libgcc.a(_udivmodsi4.o)
 .text          0x0000000000000000        0x0 /home/mikoaj/.platformio/packages/toolchain-atmelavr/bin/../lib/gcc/avr/7.3.0/avr5/libgcc.a(_umulhisi3.o)
 .data          0x0000000000000000        0x0 /home/mikoaj/.platformio/packages/toolchain-atmelavr/bin/../lib/gcc/avr/7.3.0/avr5/libgcc.a(_umulhisi3.o)
 .bss           0x0000000000000000        0x0 /home/mikoaj/.platformio/packages/toolchain-atmelavr/bin/../lib/gcc/avr/7.3.0/avr5/libgcc.a(_umulhisi3.o)
 .text.libgcc.div
                0x0000000000000000        0x0 /home/mikoaj/.platformio/packages/toolchain-atmelavr/bin/../lib/gcc/avr/7.3.0/avr5/libgcc.a(_umulhisi3.o)
 .text.libgcc   0x0000000000000000        0x0 /home/mikoaj/.platformio/packages/toolchain-atmelavr/bin/../lib/gcc/avr/7.3.0/avr5/libgcc.a(_umulhisi3.o)
 .text.libgcc.prologue
                0x0000000000000000        0x0 /home/mikoaj/.platformio/packages/toolchain-atmelavr/bin/../lib/gcc/avr/7.3.0/avr5/libgcc.a(_umulhisi3.o)
 .text.libgcc.builtins
                0x0000000000000000        0x0 /home/mikoaj/.platformio/packages/toolchain-atmelavr/bin/../lib/gcc/avr/7.3.0/avr5/libgcc.a(_umulhisi3.o)
 .text.libgcc.fmul
                0x0000000000000000        0x0 /home/mikoaj/.platformio/packages/toolchain-atmelavr/bin/../lib/gcc/avr/7.3.0/avr5/libgcc.a(_umulhisi3.o)
 .text.libgcc.fixed
                0x0000000000000000        0x0 /home/mikoaj/.platformio/packages/toolchain-atmelavr/bin/../lib/gcc/avr/7.3.0/avr5/libgcc.a(_umulhisi3.o)
 .text          0x0000000000000000        0x0 /home/mikoaj/.platformio/packages/toolchain-atmelavr/bin/../lib/gcc/avr/7.3.0/avr5/libgcc.a(_divmodhi4.o)
 .data          0x0000000000000000        0x0 /home/mikoaj/.platformio/packages/toolchain-atmelavr/bin/../lib/gcc/avr/7.3.0/avr5/libgcc.a(_divmodhi4.o)
 .bss           0x0000000000000000        0x0 /home/mikoaj/.platformio/packages/toolchain-atmelavr/bin/../lib/gcc/avr/7.3.0/avr5/libgcc.a(_divmodhi4.o)
 .text.libgcc.mul
                0x0000000000000000        0x0 /home/mikoaj/.platformio/packages/toolchain-atmelavr/bin/../lib/gcc/avr/7.3.0/avr5/libgcc.a(_divmodhi4.o)
 .text.libgcc   0x0000000000000000        0x0 /home/mikoaj/.platformio/packages/toolchain-atmelavr/bin/../lib/gcc/avr/7.3.0/avr5/libgcc.a(_divmodhi4.o)
 .text.libgcc.prologue
                0x0000000000000000        0x0 /home/mikoaj/.platformio/packages/toolchain-atmelavr/bin/../lib/gcc/avr/7.3.0/avr5/libgcc.a(_divmodhi4.o)
 .text.libgcc.builtins
                0x0000000000000000        0x0 /home/mikoaj/.platformio/packages/toolchain-atmelavr/bin/../lib/gcc/avr/7.3.0/avr5/libgcc.a(_divmodhi4.o)
 .text.libgcc.fmul
                0x0000000000000000        0x0 /home/mikoaj/.platformio/packages/toolchain-atmelavr/bin/../lib/gcc/avr/7.3.0/avr5/libgcc.a(_divmodhi4.o)
 .text.libgcc.fixed
                0x0000000000000000        0x0 /home/mikoaj/.platformio/packages/toolchain-atmelavr/bin/../lib/gcc/avr/7.3.0/avr5/libgcc.a(_divmodhi4.o)
 .text          0x0000000000000000        0x0 /home/mikoaj/.platformio/packages/toolchain-atmelavr/bin/../lib/gcc/avr/7.3.0/avr5/libgcc.a(_tablejump2.o)
 .data          0x0000000000000000        0x0 /home/mikoaj/.platformio/packages/toolchain-atmelavr/bin/../lib/gcc/avr/7.3.0/avr5/libgcc.a(_tablejump2.o)
 .bss           0x0000000000000000        0x0 /home/mikoaj/.platformio/packages/toolchain-atmelavr/bin/../lib/gcc/avr/7.3.0/avr5/libgcc.a(_tablejump2.o)
 .text.libgcc.mul
                0x0000000000000000        0x0 /home/mikoaj/.platformio/packages/toolchain-atmelavr/bin/../lib/gcc/avr/7.3.0/avr5/libgcc.a(_tablejump2.o)
 .text.libgcc.div
                0x0000000000000000        0x0 /home/mikoaj/.platformio/packages/toolchain-atmelavr/bin/../lib/gcc/avr/7.3.0/avr5/libgcc.a(_tablejump2.o)
 .text.libgcc.prologue
                0x0000000000000000        0x0 /home/mikoaj/.platformio/packages/toolchain-atmelavr/bin/../lib/gcc/avr/7.3.0/avr5/libgcc.a(_tablejump2.o)
 .text.libgcc.builtins
                0x0000000000000000        0x0 /home/mikoaj/.platformio/packages/toolchain-atmelavr/bin/../lib/gcc/avr/7.3.0/avr5/libgcc.a(_tablejump2.o)
 .text.libgcc.fmul
                0x0000000000000000        0x0 /home/mikoaj/.platformio/packages/toolchain-atmelavr/bin/../lib/gcc/avr/7.3.0/avr5/libgcc.a(_tablejump2.o)
 .text.libgcc.fixed
                0x0000000000000000        0x0 /home/mikoaj/.platformio/packages/toolchain-atmelavr/bin/../lib/gcc/avr/7.3.0/avr5/libgcc.a(_tablejump2.o)
 .text          0x0000000000000000        0x0 /home/mikoaj/.platformio/packages/toolchain-atmelavr/bin/../lib/gcc/avr/7.3.0/avr5/libgcc.a(_clear_bss.o)
 .data          0x0000000000000000        0x0 /home/mikoaj/.platformio/packages/toolchain-atmelavr/bin/../lib/gcc/avr/7.3.0/avr5/libgcc.a(_clear_bss.o)
 .bss           0x0000000000000000        0x0 /home/mikoaj/.platformio/packages/toolchain-atmelavr/bin/../lib/gcc/avr/7.3.0/avr5/libgcc.a(_clear_bss.o)
 .text.libgcc.mul
                0x0000000000000000        0x0 /home/mikoaj/.platformio/packages/toolchain-atmelavr/bin/../lib/gcc/avr/7.3.0/avr5/libgcc.a(_clear_bss.o)
 .text.libgcc.div
                0x0000000000000000        0x0 /home/mikoaj/.platformio/packages/toolchain-atmelavr/bin/../lib/gcc/avr/7.3.0/avr5/libgcc.a(_clear_bss.o)
 .text.libgcc   0x0000000000000000        0x0 /home/mikoaj/.platformio/packages/toolchain-atmelavr/bin/../lib/gcc/avr/7.3.0/avr5/libgcc.a(_clear_bss.o)
 .text.libgcc.prologue
                0x0000000000000000        0x0 /home/mikoaj/.platformio/packages/toolchain-atmelavr/bin/../lib/gcc/avr/7.3.0/avr5/libgcc.a(_clear_bss.o)
 .text.libgcc.builtins
                0x0000000000000000        0x0 /home/mikoaj/.platformio/packages/toolchain-atmelavr/bin/../lib/gcc/avr/7.3.0/avr5/libgcc.a(_clear_bss.o)
 .text.libgcc.fmul
                0x0000000000000000        0x0 /home/mikoaj/.platformio/packages/toolchain-atmelavr/bin/../lib/gcc/avr/7.3.0/avr5/libgcc.a(_clear_bss.o)
 .text.libgcc.fixed
                0x0000000000000000        0x0 /home/mikoaj/.platformio/packages/toolchain-atmelavr/bin/../lib/gcc/avr/7.3.0/avr5/libgcc.a(_clear_bss.o)
 .text          0x0000000000000000        0x0 /home/mikoaj/.platformio/packages/toolchain-atmelavr/bin/../lib/gcc/avr/7.3.0/avr5/libgcc.a(_ctors.o)
 .data          0x0000000000000000        0x0 /home/mikoaj/.platformio/packages/toolchain-atmelavr/bin/../lib/gcc/avr/7.3.0/avr5/libgcc.a(_ctors.o)
 .bss           0x0000000000000000        0x0 /home/mikoaj/.platformio/packages/toolchain-atmelavr/bin/../lib/gcc/avr/7.3.0/avr5/libgcc.a(_ctors.o)
 .text.libgcc.mul
                0x0000000000000000        0x0 /home/mikoaj/.platformio/packages/toolchain-atmelavr/bin/../lib/gcc/avr/7.3.0/avr5/libgcc.a(_ctors.o)
 .text.libgcc.div
                0x0000000000000000        0x0 /home/mikoaj/.platformio/packages/toolchain-atmelavr/bin/../lib/gcc/avr/7.3.0/avr5/libgcc.a(_ctors.o)
 .text.libgcc   0x0000000000000000        0x0 /home/mikoaj/.platformio/packages/toolchain-atmelavr/bin/../lib/gcc/avr/7.3.0/avr5/libgcc.a(_ctors.o)
 .text.libgcc.prologue
                0x0000000000000000        0x0 /home/mikoaj/.platformio/packages/toolchain-atmelavr/bin/../lib/gcc/avr/7.3.0/avr5/libgcc.a(_ctors.o)
 .text.libgcc.builtins
                0x0000000000000000        0x0 /home/mikoaj/.platformio/packages/toolchain-atmelavr/bin/../lib/gcc/avr/7.3.0/avr5/libgcc.a(_ctors.o)
 .text.libgcc.fmul
                0x0000000000000000        0x0 /home/mikoaj/.platformio/packages/toolchain-atmelavr/bin/../lib/gcc/avr/7.3.0/avr5/libgcc.a(_ctors.o)
 .text.libgcc.fixed
                0x0000000000000000        0x0 /home/mikoaj/.platformio/packages/toolchain-atmelavr/bin/../lib/gcc/avr/7.3.0/avr5/libgcc.a(_ctors.o)
 .text          0x0000000000000000        0x0 /home/mikoaj/.platformio/packages/toolchain-atmelavr/bin/../lib/gcc/avr/7.3.0/avr5/libgcc.a(_dtors.o)
 .data          0x0000000000000000        0x0 /home/mikoaj/.platformio/packages/toolchain-atmelavr/bin/../lib/gcc/avr/7.3.0/avr5/libgcc.a(_dtors.o)
 .bss           0x0000000000000000        0x0 /home/mikoaj/.platformio/packages/toolchain-atmelavr/bin/../lib/gcc/avr/7.3.0/avr5/libgcc.a(_dtors.o)
 .text.libgcc.mul
                0x0000000000000000        0x0 /home/mikoaj/.platformio/packages/toolchain-atmelavr/bin/../lib/gcc/avr/7.3.0/avr5/libgcc.a(_dtors.o)
 .text.libgcc.div
                0x0000000000000000        0x0 /home/mikoaj/.platformio/packages/toolchain-atmelavr/bin/../lib/gcc/avr/7.3.0/avr5/libgcc.a(_dtors.o)
 .text.libgcc   0x0000000000000000        0x0 /home/mikoaj/.platformio/packages/toolchain-atmelavr/bin/../lib/gcc/avr/7.3.0/avr5/libgcc.a(_dtors.o)
 .text.libgcc.prologue
                0x0000000000000000        0x0 /home/mikoaj/.platformio/packages/toolchain-atmelavr/bin/../lib/gcc/avr/7.3.0/avr5/libgcc.a(_dtors.o)
 .text.libgcc.builtins
                0x0000000000000000        0x0 /home/mikoaj/.platformio/packages/toolchain-atmelavr/bin/../lib/gcc/avr/7.3.0/avr5/libgcc.a(_dtors.o)
 .text.libgcc.fmul
                0x0000000000000000        0x0 /home/mikoaj/.platformio/packages/toolchain-atmelavr/bin/../lib/gcc/avr/7.3.0/avr5/libgcc.a(_dtors.o)
 .text.libgcc.fixed
                0x0000000000000000        0x0 /home/mikoaj/.platformio/packages/toolchain-atmelavr/bin/../lib/gcc/avr/7.3.0/avr5/libgcc.a(_dtors.o)
 .text          0x0000000000000000        0x0 /home/mikoaj/.platformio/packages/toolchain-atmelavr/bin/../lib/gcc/avr/7.3.0/avr5/libgcc.a(_udivmodhi4.o)
 .data          0x0000000000000000        0x0 /home/mikoaj/.platformio/packages/toolchain-atmelavr/bin/../lib/gcc/avr/7.3.0/avr5/libgcc.a(_udivmodhi4.o)
 .bss           0x0000000000000000        0x0 /home/mikoaj/.platformio/packages/toolchain-atmelavr/bin/../lib/gcc/avr/7.3.0/avr5/libgcc.a(_udivmodhi4.o)
 .text.libgcc.mul
                0x0000000000000000        0x0 /home/mikoaj/.platformio/packages/toolchain-atmelavr/bin/../lib/gcc/avr/7.3.0/avr5/libgcc.a(_udivmodhi4.o)
 .text.libgcc   0x0000000000000000        0x0 /home/mikoaj/.platformio/packages/toolchain-atmelavr/bin/../lib/gcc/avr/7.3.0/avr5/libgcc.a(_udivmodhi4.o)
 .text.libgcc.prologue
                0x0000000000000000        0x0 /home/mikoaj/.platformio/packages/toolchain-atmelavr/bin/../lib/gcc/avr/7.3.0/avr5/libgcc.a(_udivmodhi4.o)
 .text.libgcc.builtins
                0x0000000000000000        0x0 /home/mikoaj/.platformio/packages/toolchain-atmelavr/bin/../lib/gcc/avr/7.3.0/avr5/libgcc.a(_udivmodhi4.o)
 .text.libgcc.fmul
                0x0000000000000000        0x0 /home/mikoaj/.platformio/packages/toolchain-atmelavr/bin/../lib/gcc/avr/7.3.0/avr5/libgcc.a(_udivmodhi4.o)
 .text.libgcc.fixed
                0x0000000000000000        0x0 /home/mikoaj/.platformio/packages/toolchain-atmelavr/bin/../lib/gcc/avr/7.3.0/avr5/libgcc.a(_udivmodhi4.o)
 .text          0x0000000000000000        0x0 /home/mikoaj/.platformio/packages/toolchain-atmelavr/bin/../lib/gcc/avr/7.3.0/../../../../avr/lib/avr5/libm.a(addsf3.o)
 .data          0x0000000000000000        0x0 /home/mikoaj/.platformio/packages/toolchain-atmelavr/bin/../lib/gcc/avr/7.3.0/../../../../avr/lib/avr5/libm.a(addsf3.o)
 .bss           0x0000000000000000        0x0 /home/mikoaj/.platformio/packages/toolchain-atmelavr/bin/../lib/gcc/avr/7.3.0/../../../../avr/lib/avr5/libm.a(addsf3.o)
 .text          0x0000000000000000        0x0 /home/mikoaj/.platformio/packages/toolchain-atmelavr/bin/../lib/gcc/avr/7.3.0/../../../../avr/lib/avr5/libm.a(addsf3x.o)
 .data          0x0000000000000000        0x0 /home/mikoaj/.platformio/packages/toolchain-atmelavr/bin/../lib/gcc/avr/7.3.0/../../../../avr/lib/avr5/libm.a(addsf3x.o)
 .bss           0x0000000000000000        0x0 /home/mikoaj/.platformio/packages/toolchain-atmelavr/bin/../lib/gcc/avr/7.3.0/../../../../avr/lib/avr5/libm.a(addsf3x.o)
 .text          0x0000000000000000        0x0 /home/mikoaj/.platformio/packages/toolchain-atmelavr/bin/../lib/gcc/avr/7.3.0/../../../../avr/lib/avr5/libm.a(atan2.o)
 .data          0x0000000000000000        0x0 /home/mikoaj/.platformio/packages/toolchain-atmelavr/bin/../lib/gcc/avr/7.3.0/../../../../avr/lib/avr5/libm.a(atan2.o)
 .bss           0x0000000000000000        0x0 /home/mikoaj/.platformio/packages/toolchain-atmelavr/bin/../lib/gcc/avr/7.3.0/../../../../avr/lib/avr5/libm.a(atan2.o)
 .text          0x0000000000000000        0x0 /home/mikoaj/.platformio/packages/toolchain-atmelavr/bin/../lib/gcc/avr/7.3.0/../../../../avr/lib/avr5/libm.a(atan.o)
 .data          0x0000000000000000        0x0 /home/mikoaj/.platformio/packages/toolchain-atmelavr/bin/../lib/gcc/avr/7.3.0/../../../../avr/lib/avr5/libm.a(atan.o)
 .bss           0x0000000000000000        0x0 /home/mikoaj/.platformio/packages/toolchain-atmelavr/bin/../lib/gcc/avr/7.3.0/../../../../avr/lib/avr5/libm.a(atan.o)
 .text          0x0000000000000000        0x0 /home/mikoaj/.platformio/packages/toolchain-atmelavr/bin/../lib/gcc/avr/7.3.0/../../../../avr/lib/avr5/libm.a(cmpsf2.o)
 .data          0x0000000000000000        0x0 /home/mikoaj/.platformio/packages/toolchain-atmelavr/bin/../lib/gcc/avr/7.3.0/../../../../avr/lib/avr5/libm.a(cmpsf2.o)
 .bss           0x0000000000000000        0x0 /home/mikoaj/.platformio/packages/toolchain-atmelavr/bin/../lib/gcc/avr/7.3.0/../../../../avr/lib/avr5/libm.a(cmpsf2.o)
 .text          0x0000000000000000        0x0 /home/mikoaj/.platformio/packages/toolchain-atmelavr/bin/../lib/gcc/avr/7.3.0/../../../../avr/lib/avr5/libm.a(divsf3.o)
 .data          0x0000000000000000        0x0 /home/mikoaj/.platformio/packages/toolchain-atmelavr/bin/../lib/gcc/avr/7.3.0/../../../../avr/lib/avr5/libm.a(divsf3.o)
 .bss           0x0000000000000000        0x0 /home/mikoaj/.platformio/packages/toolchain-atmelavr/bin/../lib/gcc/avr/7.3.0/../../../../avr/lib/avr5/libm.a(divsf3.o)
 .text          0x0000000000000000        0x0 /home/mikoaj/.platformio/packages/toolchain-atmelavr/bin/../lib/gcc/avr/7.3.0/../../../../avr/lib/avr5/libm.a(divsf3x.o)
 .data          0x0000000000000000        0x0 /home/mikoaj/.platformio/packages/toolchain-atmelavr/bin/../lib/gcc/avr/7.3.0/../../../../avr/lib/avr5/libm.a(divsf3x.o)
 .bss           0x0000000000000000        0x0 /home/mikoaj/.platformio/packages/toolchain-atmelavr/bin/../lib/gcc/avr/7.3.0/../../../../avr/lib/avr5/libm.a(divsf3x.o)
 .text          0x0000000000000000        0x0 /home/mikoaj/.platformio/packages/toolchain-atmelavr/bin/../lib/gcc/avr/7.3.0/../../../../avr/lib/avr5/libm.a(fixsfsi.o)
 .data          0x0000000000000000        0x0 /home/mikoaj/.platformio/packages/toolchain-atmelavr/bin/../lib/gcc/avr/7.3.0/../../../../avr/lib/avr5/libm.a(fixsfsi.o)
 .bss           0x0000000000000000        0x0 /home/mikoaj/.platformio/packages/toolchain-atmelavr/bin/../lib/gcc/avr/7.3.0/../../../../avr/lib/avr5/libm.a(fixsfsi.o)
 .text          0x0000000000000000        0x0 /home/mikoaj/.platformio/packages/toolchain-atmelavr/bin/../lib/gcc/avr/7.3.0/../../../../avr/lib/avr5/libm.a(fixunssfsi.o)
 .data          0x0000000000000000        0x0 /home/mikoaj/.platformio/packages/toolchain-atmelavr/bin/../lib/gcc/avr/7.3.0/../../../../avr/lib/avr5/libm.a(fixunssfsi.o)
 .bss           0x0000000000000000        0x0 /home/mikoaj/.platformio/packages/toolchain-atmelavr/bin/../lib/gcc/avr/7.3.0/../../../../avr/lib/avr5/libm.a(fixunssfsi.o)
 .text          0x0000000000000000        0x0 /home/mikoaj/.platformio/packages/toolchain-atmelavr/bin/../lib/gcc/avr/7.3.0/../../../../avr/lib/avr5/libm.a(floatsisf.o)
 .data          0x0000000000000000        0x0 /home/mikoaj/.platformio/packages/toolchain-atmelavr/bin/../lib/gcc/avr/7.3.0/../../../../avr/lib/avr5/libm.a(floatsisf.o)
 .bss           0x0000000000000000        0x0 /home/mikoaj/.platformio/packages/toolchain-atmelavr/bin/../lib/gcc/avr/7.3.0/../../../../avr/lib/avr5/libm.a(floatsisf.o)
 .text          0x0000000000000000        0x0 /home/mikoaj/.platformio/packages/toolchain-atmelavr/bin/../lib/gcc/avr/7.3.0/../../../../avr/lib/avr5/libm.a(fp_cmp.o)
 .data          0x0000000000000000        0x0 /home/mikoaj/.platformio/packages/toolchain-atmelavr/bin/../lib/gcc/avr/7.3.0/../../../../avr/lib/avr5/libm.a(fp_cmp.o)
 .bss           0x0000000000000000        0x0 /home/mikoaj/.platformio/packages/toolchain-atmelavr/bin/../lib/gcc/avr/7.3.0/../../../../avr/lib/avr5/libm.a(fp_cmp.o)
 .text          0x0000000000000000        0x0 /home/mikoaj/.platformio/packages/toolchain-atmelavr/bin/../lib/gcc/avr/7.3.0/../../../../avr/lib/avr5/libm.a(fp_inf.o)
 .data          0x0000000000000000        0x0 /home/mikoaj/.platformio/packages/toolchain-atmelavr/bin/../lib/gcc/avr/7.3.0/../../../../avr/lib/avr5/libm.a(fp_inf.o)
 .bss           0x0000000000000000        0x0 /home/mikoaj/.platformio/packages/toolchain-atmelavr/bin/../lib/gcc/avr/7.3.0/../../../../avr/lib/avr5/libm.a(fp_inf.o)
 .text          0x0000000000000000        0x0 /home/mikoaj/.platformio/packages/toolchain-atmelavr/bin/../lib/gcc/avr/7.3.0/../../../../avr/lib/avr5/libm.a(fp_nan.o)
 .data          0x0000000000000000        0x0 /home/mikoaj/.platformio/packages/toolchain-atmelavr/bin/../lib/gcc/avr/7.3.0/../../../../avr/lib/avr5/libm.a(fp_nan.o)
 .bss           0x0000000000000000        0x0 /home/mikoaj/.platformio/packages/toolchain-atmelavr/bin/../lib/gcc/avr/7.3.0/../../../../avr/lib/avr5/libm.a(fp_nan.o)
 .text          0x0000000000000000        0x0 /home/mikoaj/.platformio/packages/toolchain-atmelavr/bin/../lib/gcc/avr/7.3.0/../../../../avr/lib/avr5/libm.a(fp_powser.o)
 .data          0x0000000000000000        0x0 /home/mikoaj/.platformio/packages/toolchain-atmelavr/bin/../lib/gcc/avr/7.3.0/../../../../avr/lib/avr5/libm.a(fp_powser.o)
 .bss           0x0000000000000000        0x0 /home/mikoaj/.platformio/packages/toolchain-atmelavr/bin/../lib/gcc/avr/7.3.0/../../../../avr/lib/avr5/libm.a(fp_powser.o)
 .text          0x0000000000000000        0x0 /home/mikoaj/.platformio/packages/toolchain-atmelavr/bin/../lib/gcc/avr/7.3.0/../../../../avr/lib/avr5/libm.a(fp_pscA.o)
 .data          0x0000000000000000        0x0 /home/mikoaj/.platformio/packages/toolchain-atmelavr/bin/../lib/gcc/avr/7.3.0/../../../../avr/lib/avr5/libm.a(fp_pscA.o)
 .bss           0x0000000000000000        0x0 /home/mikoaj/.platformio/packages/toolchain-atmelavr/bin/../lib/gcc/avr/7.3.0/../../../../avr/lib/avr5/libm.a(fp_pscA.o)
 .text          0x0000000000000000        0x0 /home/mikoaj/.platformio/packages/toolchain-atmelavr/bin/../lib/gcc/avr/7.3.0/../../../../avr/lib/avr5/libm.a(fp_pscB.o)
 .data          0x0000000000000000        0x0 /home/mikoaj/.platformio/packages/toolchain-atmelavr/bin/../lib/gcc/avr/7.3.0/../../../../avr/lib/avr5/libm.a(fp_pscB.o)
 .bss           0x0000000000000000        0x0 /home/mikoaj/.platformio/packages/toolchain-atmelavr/bin/../lib/gcc/avr/7.3.0/../../../../avr/lib/avr5/libm.a(fp_pscB.o)
 .text          0x0000000000000000        0x0 /home/mikoaj/.platformio/packages/toolchain-atmelavr/bin/../lib/gcc/avr/7.3.0/../../../../avr/lib/avr5/libm.a(fp_round.o)
 .data          0x0000000000000000        0x0 /home/mikoaj/.platformio/packages/toolchain-atmelavr/bin/../lib/gcc/avr/7.3.0/../../../../avr/lib/avr5/libm.a(fp_round.o)
 .bss           0x0000000000000000        0x0 /home/mikoaj/.platformio/packages/toolchain-atmelavr/bin/../lib/gcc/avr/7.3.0/../../../../avr/lib/avr5/libm.a(fp_round.o)
 .text          0x0000000000000000        0x0 /home/mikoaj/.platformio/packages/toolchain-atmelavr/bin/../lib/gcc/avr/7.3.0/../../../../avr/lib/avr5/libm.a(fp_split3.o)
 .data          0x0000000000000000        0x0 /home/mikoaj/.platformio/packages/toolchain-atmelavr/bin/../lib/gcc/avr/7.3.0/../../../../avr/lib/avr5/libm.a(fp_split3.o)
 .bss           0x0000000000000000        0x0 /home/mikoaj/.platformio/packages/toolchain-atmelavr/bin/../lib/gcc/avr/7.3.0/../../../../avr/lib/avr5/libm.a(fp_split3.o)
 .text          0x0000000000000000        0x0 /home/mikoaj/.platformio/packages/toolchain-atmelavr/bin/../lib/gcc/avr/7.3.0/../../../../avr/lib/avr5/libm.a(fp_zero.o)
 .data          0x0000000000000000        0x0 /home/mikoaj/.platformio/packages/toolchain-atmelavr/bin/../lib/gcc/avr/7.3.0/../../../../avr/lib/avr5/libm.a(fp_zero.o)
 .bss           0x0000000000000000        0x0 /home/mikoaj/.platformio/packages/toolchain-atmelavr/bin/../lib/gcc/avr/7.3.0/../../../../avr/lib/avr5/libm.a(fp_zero.o)
 .text          0x0000000000000000        0x0 /home/mikoaj/.platformio/packages/toolchain-atmelavr/bin/../lib/gcc/avr/7.3.0/../../../../avr/lib/avr5/libm.a(gesf2.o)
 .data          0x0000000000000000        0x0 /home/mikoaj/.platformio/packages/toolchain-atmelavr/bin/../lib/gcc/avr/7.3.0/../../../../avr/lib/avr5/libm.a(gesf2.o)
 .bss           0x0000000000000000        0x0 /home/mikoaj/.platformio/packages/toolchain-atmelavr/bin/../lib/gcc/avr/7.3.0/../../../../avr/lib/avr5/libm.a(gesf2.o)
 .text          0x0000000000000000        0x0 /home/mikoaj/.platformio/packages/toolchain-atmelavr/bin/../lib/gcc/avr/7.3.0/../../../../avr/lib/avr5/libm.a(inverse.o)
 .data          0x0000000000000000        0x0 /home/mikoaj/.platformio/packages/toolchain-atmelavr/bin/../lib/gcc/avr/7.3.0/../../../../avr/lib/avr5/libm.a(inverse.o)
 .bss           0x0000000000000000        0x0 /home/mikoaj/.platformio/packages/toolchain-atmelavr/bin/../lib/gcc/avr/7.3.0/../../../../avr/lib/avr5/libm.a(inverse.o)
 .text          0x0000000000000000        0x0 /home/mikoaj/.platformio/packages/toolchain-atmelavr/bin/../lib/gcc/avr/7.3.0/../../../../avr/lib/avr5/libm.a(mulsf3.o)
 .data          0x0000000000000000        0x0 /home/mikoaj/.platformio/packages/toolchain-atmelavr/bin/../lib/gcc/avr/7.3.0/../../../../avr/lib/avr5/libm.a(mulsf3.o)
 .bss           0x0000000000000000        0x0 /home/mikoaj/.platformio/packages/toolchain-atmelavr/bin/../lib/gcc/avr/7.3.0/../../../../avr/lib/avr5/libm.a(mulsf3.o)
 .text          0x0000000000000000        0x0 /home/mikoaj/.platformio/packages/toolchain-atmelavr/bin/../lib/gcc/avr/7.3.0/../../../../avr/lib/avr5/libm.a(mulsf3x.o)
 .data          0x0000000000000000        0x0 /home/mikoaj/.platformio/packages/toolchain-atmelavr/bin/../lib/gcc/avr/7.3.0/../../../../avr/lib/avr5/libm.a(mulsf3x.o)
 .bss           0x0000000000000000        0x0 /home/mikoaj/.platformio/packages/toolchain-atmelavr/bin/../lib/gcc/avr/7.3.0/../../../../avr/lib/avr5/libm.a(mulsf3x.o)
 .text          0x0000000000000000        0x0 /home/mikoaj/.platformio/packages/toolchain-atmelavr/bin/../lib/gcc/avr/7.3.0/../../../../avr/lib/avr5/libm.a(sqrt.o)
 .data          0x0000000000000000        0x0 /home/mikoaj/.platformio/packages/toolchain-atmelavr/bin/../lib/gcc/avr/7.3.0/../../../../avr/lib/avr5/libm.a(sqrt.o)
 .bss           0x0000000000000000        0x0 /home/mikoaj/.platformio/packages/toolchain-atmelavr/bin/../lib/gcc/avr/7.3.0/../../../../avr/lib/avr5/libm.a(sqrt.o)
 .text          0x0000000000000000        0x0 /home/mikoaj/.platformio/packages/toolchain-atmelavr/bin/../lib/gcc/avr/7.3.0/../../../../avr/lib/avr5/libm.a(square.o)
 .data          0x0000000000000000        0x0 /home/mikoaj/.platformio/packages/toolchain-atmelavr/bin/../lib/gcc/avr/7.3.0/../../../../avr/lib/avr5/libm.a(square.o)
 .bss           0x0000000000000000        0x0 /home/mikoaj/.platformio/packages/toolchain-atmelavr/bin/../lib/gcc/avr/7.3.0/../../../../avr/lib/avr5/libm.a(square.o)
 .text          0x0000000000000000        0x0 /home/mikoaj/.platformio/packages/toolchain-atmelavr/bin/../lib/gcc/avr/7.3.0/../../../../avr/lib/avr5/libm.a(unordsf2.o)
 .data          0x0000000000000000        0x0 /home/mikoaj/.platformio/packages/toolchain-atmelavr/bin/../lib/gcc/avr/7.3.0/../../../../avr/lib/avr5/libm.a(unordsf2.o)
 .bss           0x0000000000000000        0x0 /home/mikoaj/.platformio/packages/toolchain-atmelavr/bin/../lib/gcc/avr/7.3.0/../../../../avr/lib/avr5/libm.a(unordsf2.o)
 .text          0x0000000000000000        0x0 /home/mikoaj/.platformio/packages/toolchain-atmelavr/bin/../lib/gcc/avr/7.3.0/../../../../avr/lib/avr5/libm.a(fp_mpack.o)
 .data          0x0000000000000000        0x0 /home/mikoaj/.platformio/packages/toolchain-atmelavr/bin/../lib/gcc/avr/7.3.0/../../../../avr/lib/avr5/libm.a(fp_mpack.o)
 .bss           0x0000000000000000        0x0 /home/mikoaj/.platformio/packages/toolchain-atmelavr/bin/../lib/gcc/avr/7.3.0/../../../../avr/lib/avr5/libm.a(fp_mpack.o)
 .text          0x0000000000000000        0x0 /home/mikoaj/.platformio/packages/toolchain-atmelavr/bin/../lib/gcc/avr/7.3.0/../../../../avr/lib/avr5/libm.a(fp_norm2.o)
 .data          0x0000000000000000        0x0 /home/mikoaj/.platformio/packages/toolchain-atmelavr/bin/../lib/gcc/avr/7.3.0/../../../../avr/lib/avr5/libm.a(fp_norm2.o)
 .bss           0x0000000000000000        0x0 /home/mikoaj/.platformio/packages/toolchain-atmelavr/bin/../lib/gcc/avr/7.3.0/../../../../avr/lib/avr5/libm.a(fp_norm2.o)
 .text          0x0000000000000000        0x0 /home/mikoaj/.platformio/packages/toolchain-atmelavr/bin/../lib/gcc/avr/7.3.0/../../../../avr/lib/avr5/libc.a(malloc.o)
 .bss           0x0000000000000000        0x0 /home/mikoaj/.platformio/packages/toolchain-atmelavr/bin/../lib/gcc/avr/7.3.0/../../../../avr/lib/avr5/libc.a(malloc.o)
 .text          0x0000000000000000        0x0 /home/mikoaj/.platformio/packages/toolchain-atmelavr/bin/../lib/gcc/avr/7.3.0/../../../../avr/lib/avr5/libc.a(abort.o)
 .data          0x0000000000000000        0x0 /home/mikoaj/.platformio/packages/toolchain-atmelavr/bin/../lib/gcc/avr/7.3.0/../../../../avr/lib/avr5/libc.a(abort.o)
 .bss           0x0000000000000000        0x0 /home/mikoaj/.platformio/packages/toolchain-atmelavr/bin/../lib/gcc/avr/7.3.0/../../../../avr/lib/avr5/libc.a(abort.o)
 .text          0x0000000000000000        0x0 /home/mikoaj/.platformio/packages/toolchain-atmelavr/bin/../lib/gcc/avr/7.3.0/../../../../avr/lib/avr5/libc.a(memcmp.o)
 .data          0x0000000000000000        0x0 /home/mikoaj/.platformio/packages/toolchain-atmelavr/bin/../lib/gcc/avr/7.3.0/../../../../avr/lib/avr5/libc.a(memcmp.o)
 .bss           0x0000000000000000        0x0 /home/mikoaj/.platformio/packages/toolchain-atmelavr/bin/../lib/gcc/avr/7.3.0/../../../../avr/lib/avr5/libc.a(memcmp.o)
 .text          0x0000000000000000        0x0 /home/mikoaj/.platformio/packages/toolchain-atmelavr/bin/../lib/gcc/avr/7.3.0/../../../../avr/lib/avr5/libc.a(memcpy.o)
 .data          0x0000000000000000        0x0 /home/mikoaj/.platformio/packages/toolchain-atmelavr/bin/../lib/gcc/avr/7.3.0/../../../../avr/lib/avr5/libc.a(memcpy.o)
 .bss           0x0000000000000000        0x0 /home/mikoaj/.platformio/packages/toolchain-atmelavr/bin/../lib/gcc/avr/7.3.0/../../../../avr/lib/avr5/libc.a(memcpy.o)

Memory Configuration

Name             Origin             Length             Attributes
text             0x0000000000000000 0x0000000000020000 xr
data             0x0000000000800060 0x000000000000ffa0 rw !x
eeprom           0x0000000000810000 0x0000000000010000 rw !x
fuse             0x0000000000820000 0x0000000000000003 rw !x
lock             0x0000000000830000 0x0000000000000400 rw !x
signature        0x0000000000840000 0x0000000000000400 rw !x
user_signatures  0x0000000000850000 0x0000000000000400 rw !x
*default*        0x0000000000000000 0xffffffffffffffff

Linker script and memory map

Address of section .data set to 0x800100
LOAD /home/mikoaj/.platformio/packages/toolchain-atmelavr/bin/../lib/gcc/avr/7.3.0/../../../../avr/lib/avr5/crtatmega32u4.o
LOAD .pio/build/leonardo/src/JoystickLibraryAdapter.cpp.o
LOAD /tmp/cchTFifx.ltrans0.ltrans.o
LOAD .pio/build/leonardo/src/XInputAdapter.cpp.o
LOAD .pio/build/leonardo/src/mouse.cpp.o
START GROUP
LOAD .pio/build/leonardo/lib368/libJoystick.a
LOAD .pio/build/leonardo/lib2de/libXInput.a
LOAD .pio/build/leonardo/lib914/libWire.a
LOAD .pio/build/leonardo/lib6a5/libI2Cdevlib-Core.a
LOAD .pio/build/leonardo/libda4/libI2Cdevlib-MPU6050.a
LOAD .pio/build/leonardo/lib316/libArduinoSTL.a
LOAD .pio/build/leonardo/libFrameworkArduinoVariant.a
LOAD .pio/build/leonardo/libFrameworkArduino.a
END GROUP
LOAD /home/mikoaj/.platformio/packages/toolchain-atmelavr/bin/../lib/gcc/avr/7.3.0/avr5/libgcc.a
LOAD /home/mikoaj/.platformio/packages/toolchain-atmelavr/bin/../lib/gcc/avr/7.3.0/../../../../avr/lib/avr5/libm.a
START GROUP
LOAD /home/mikoaj/.platformio/packages/toolchain-atmelavr/bin/../lib/gcc/avr/7.3.0/avr5/libgcc.a
LOAD /home/mikoaj/.platformio/packages/toolchain-atmelavr/bin/../lib/gcc/avr/7.3.0/../../../../avr/lib/avr5/libm.a
LOAD /home/mikoaj/.platformio/packages/toolchain-atmelavr/bin/../lib/gcc/avr/7.3.0/../../../../avr/lib/avr5/libc.a
LOAD /home/mikoaj/.platformio/packages/toolchain-atmelavr/bin/../lib/gcc/avr/7.3.0/../../../../avr/lib/avr5/libatmega32u4.a
END GROUP
                0x0000000000020000                __TEXT_REGION_LENGTH__ = DEFINED (__TEXT_REGION_LENGTH__)?__TEXT_REGION_LENGTH__:0x20000
                0x000000000000ffa0                __DATA_REGION_LENGTH__ = DEFINED (__DATA_REGION_LENGTH__)?__DATA_REGION_LENGTH__:0xffa0
                0x0000000000010000                __EEPROM_REGION_LENGTH__ = DEFINED (__EEPROM_REGION_LENGTH__)?__EEPROM_REGION_LENGTH__:0x10000
                [0x0000000000000003]                __FUSE_REGION_LENGTH__ = DEFINED (__FUSE_REGION_LENGTH__)?__FUSE_REGION_LENGTH__:0x400
                0x0000000000000400                __LOCK_REGION_LENGTH__ = DEFINED (__LOCK_REGION_LENGTH__)?__LOCK_REGION_LENGTH__:0x400
                0x0000000000000400                __SIGNATURE_REGION_LENGTH__ = DEFINED (__SIGNATURE_REGION_LENGTH__)?__SIGNATURE_REGION_LENGTH__:0x400
                0x0000000000000400                __USER_SIGNATURE_REGION_LENGTH__ = DEFINED (__USER_SIGNATURE_REGION_LENGTH__)?__USER_SIGNATURE_REGION_LENGTH__:0x400

.hash
 *(.hash)

.dynsym
 *(.dynsym)

.dynstr
 *(.dynstr)

.gnu.version
 *(.gnu.version)

.gnu.version_d
 *(.gnu.version_d)

.gnu.version_r
 *(.gnu.version_r)

.rel.init
 *(.rel.init)

.rela.init
 *(.rela.init)

.rel.text
 *(.rel.text)
 *(.rel.text.*)
 *(.rel.gnu.linkonce.t*)

.rela.text
 *(.rela.text)
 *(.rela.text.*)
 *(.rela.gnu.linkonce.t*)

.rel.fini
 *(.rel.fini)

.rela.fini
 *(.rela.fini)

.rel.rodata
 *(.rel.rodata)
 *(.rel.rodata.*)
 *(.rel.gnu.linkonce.r*)

.rela.rodata
 *(.rela.rodata)
 *(.rela.rodata.*)
 *(.rela.gnu.linkonce.r*)

.rel.data
 *(.rel.data)
 *(.rel.data.*)
 *(.rel.gnu.linkonce.d*)

.rela.data
 *(.rela.data)
 *(.rela.data.*)
 *(.rela.gnu.linkonce.d*)

.rel.ctors
 *(.rel.ctors)

.rela.ctors
 *(.rela.ctors)

.rel.dtors
 *(.rel.dtors)

.rela.dtors
 *(.rela.dtors)

.rel.got
 *(.rel.got)

.rela.got
 *(.rela.got)

.rel.bss
 *(.rel.bss)

.rela.bss
 *(.rela.bss)

.rel.plt
 *(.rel.plt)

.rela.plt
 *(.rela.plt)

.text           0x0000000000000000     0x5f0a
 *(.vectors)
 .vectors       0x0000000000000000       0xac /home/mikoaj/.platformio/packages/toolchain-atmelavr/bin/../lib/gcc/avr/7.3.0/../../../../avr/lib/avr5/crtatmega32u4.o
                0x0000000000000000                __vectors
                0x0000000000000000                __vector_default
 *(.vectors)
 *(.progmem.gcc*)
 .progmem.gcc_fplib
                0x00000000000000ac       0x2d /home/mikoaj/.platformio/packages/toolchain-atmelavr/bin/../lib/gcc/avr/7.3.0/../../../../avr/lib/avr5/libm.a(atan.o)
                0x00000000000000da                . = ALIGN (0x2)
 *fill*         0x00000000000000d9        0x1 
                0x00000000000000da                __trampolines_start = .
 *(.trampolines)
 .trampolines   0x00000000000000da        0x0 linker stubs
 *(.trampolines*)
                0x00000000000000da                __trampolines_end = .
 *libprintf_flt.a:*(.progmem.data)
 *libc.a:*(.progmem.data)
 *(.progmem*)
 .progmem.data  0x00000000000000da      0xd35 /tmp/cchTFifx.ltrans0.ltrans.o
                0x0000000000000e10                . = ALIGN (0x2)
 *fill*         0x0000000000000e0f        0x1 
 *(.jumptables)
 *(.jumptables*)
 *(.lowtext)
 *(.lowtext*)
                0x0000000000000e10                __ctors_start = .
 *(.ctors)
 .ctors         0x0000000000000e10        0x2 /tmp/cchTFifx.ltrans0.ltrans.o
                0x0000000000000e12                __ctors_end = .
                0x0000000000000e12                __dtors_start = .
 *(.dtors)
 .dtors         0x0000000000000e12        0x2 /tmp/cchTFifx.ltrans0.ltrans.o
                0x0000000000000e14                __dtors_end = .
 SORT(*)(.ctors)
 SORT(*)(.dtors)
 *(.init0)
 .init0         0x0000000000000e14        0x0 /home/mikoaj/.platformio/packages/toolchain-atmelavr/bin/../lib/gcc/avr/7.3.0/../../../../avr/lib/avr5/crtatmega32u4.o
                0x0000000000000e14                __init
 *(.init0)
 *(.init1)
 *(.init1)
 *(.init2)
 .init2         0x0000000000000e14        0xc /home/mikoaj/.platformio/packages/toolchain-atmelavr/bin/../lib/gcc/avr/7.3.0/../../../../avr/lib/avr5/crtatmega32u4.o
 *(.init2)
 *(.init3)
 *(.init3)
 *(.init4)
 .init4         0x0000000000000e20       0x16 /home/mikoaj/.platformio/packages/toolchain-atmelavr/bin/../lib/gcc/avr/7.3.0/avr5/libgcc.a(_copy_data.o)
                0x0000000000000e20                __do_copy_data
 .init4         0x0000000000000e36       0x10 /home/mikoaj/.platformio/packages/toolchain-atmelavr/bin/../lib/gcc/avr/7.3.0/avr5/libgcc.a(_clear_bss.o)
                0x0000000000000e36                __do_clear_bss
 *(.init4)
 *(.init5)
 *(.init5)
 *(.init6)
 .init6         0x0000000000000e46       0x16 /home/mikoaj/.platformio/packages/toolchain-atmelavr/bin/../lib/gcc/avr/7.3.0/avr5/libgcc.a(_ctors.o)
                0x0000000000000e46                __do_global_ctors
 *(.init6)
 *(.init7)
 *(.init7)
 *(.init8)
 *(.init8)
 *(.init9)
 .init9         0x0000000000000e5c        0x8 /home/mikoaj/.platformio/packages/toolchain-atmelavr/bin/../lib/gcc/avr/7.3.0/../../../../avr/lib/avr5/crtatmega32u4.o
 *(.init9)
 *(.text)
 .text          0x0000000000000e64        0x4 /home/mikoaj/.platformio/packages/toolchain-atmelavr/bin/../lib/gcc/avr/7.3.0/../../../../avr/lib/avr5/crtatmega32u4.o
                0x0000000000000e64                __vector_38
                0x0000000000000e64                __vector_22
                0x0000000000000e64                __vector_28
                0x0000000000000e64                __vector_32
                0x0000000000000e64                __vector_34
                0x0000000000000e64                __vector_24
                0x0000000000000e64                __vector_12
                0x0000000000000e64                __bad_interrupt
                0x0000000000000e64                __vector_6
                0x0000000000000e64                __vector_31
                0x0000000000000e64                __vector_35
                0x0000000000000e64                __vector_39
                0x0000000000000e64                __vector_30
                0x0000000000000e64                __vector_25
                0x0000000000000e64                __vector_13
                0x0000000000000e64                __vector_17
                0x0000000000000e64                __vector_19
                0x0000000000000e64                __vector_41
                0x0000000000000e64                __vector_27
                0x0000000000000e64                __vector_5
                0x0000000000000e64                __vector_33
                0x0000000000000e64                __vector_37
                0x0000000000000e64                __vector_9
                0x0000000000000e64                __vector_21
                0x0000000000000e64                __vector_15
                0x0000000000000e64                __vector_29
                0x0000000000000e64                __vector_40
                0x0000000000000e64                __vector_8
                0x0000000000000e64                __vector_26
                0x0000000000000e64                __vector_14
                0x0000000000000e64                __vector_16
                0x0000000000000e64                __vector_18
                0x0000000000000e64                __vector_20
                0x0000000000000e64                __vector_42
 .text          0x0000000000000e68     0x37e6 /tmp/cchTFifx.ltrans0.ltrans.o
                0x0000000000003cb4                __vector_23
                0x0000000000003d48                __vector_7
                0x0000000000003d96                __vector_4
                0x0000000000003de4                __vector_3
                0x0000000000003e32                __vector_2
                0x0000000000003e80                __vector_1
                0x0000000000003ece                __vector_10
                0x0000000000003fac                __vector_11
                0x0000000000004410                __vector_36
                0x000000000000464e                . = ALIGN (0x2)
 *(.text.*)
 .text.unlikely
                0x000000000000464e       0x54 /tmp/cchTFifx.ltrans0.ltrans.o
 .text.startup  0x00000000000046a2      0xdee /tmp/cchTFifx.ltrans0.ltrans.o
                0x0000000000004c8c                main
 .text.exit     0x0000000000005490       0x48 /tmp/cchTFifx.ltrans0.ltrans.o
 .text.libgcc.div
                0x00000000000054d8       0x2e /home/mikoaj/.platformio/packages/toolchain-atmelavr/bin/../lib/gcc/avr/7.3.0/avr5/libgcc.a(_divmodsi4.o)
                0x00000000000054d8                __divmodsi4
 .text.libgcc.div
                0x0000000000005506       0x10 /home/mikoaj/.platformio/packages/toolchain-atmelavr/bin/../lib/gcc/avr/7.3.0/avr5/libgcc.a(_negsi2.o)
                0x0000000000005506                __negsi2
 .text.libgcc.mul
                0x0000000000005516       0x16 /home/mikoaj/.platformio/packages/toolchain-atmelavr/bin/../lib/gcc/avr/7.3.0/avr5/libgcc.a(_muluhisi3.o)
                0x0000000000005516                __muluhisi3
 .text.libgcc.div
                0x000000000000552c       0x44 /home/mikoaj/.platformio/packages/toolchain-atmelavr/bin/../lib/gcc/avr/7.3.0/avr5/libgcc.a(_udivmodsi4.o)
                0x000000000000552c                __udivmodsi4
 .text.libgcc.mul
                0x0000000000005570       0x1e /home/mikoaj/.platformio/packages/toolchain-atmelavr/bin/../lib/gcc/avr/7.3.0/avr5/libgcc.a(_umulhisi3.o)
                0x0000000000005570                __umulhisi3
 .text.libgcc.div
                0x000000000000558e       0x28 /home/mikoaj/.platformio/packages/toolchain-atmelavr/bin/../lib/gcc/avr/7.3.0/avr5/libgcc.a(_divmodhi4.o)
                0x000000000000558e                __divmodhi4
                0x000000000000558e                _div
 .text.libgcc   0x00000000000055b6        0xc /home/mikoaj/.platformio/packages/toolchain-atmelavr/bin/../lib/gcc/avr/7.3.0/avr5/libgcc.a(_tablejump2.o)
                0x00000000000055b6                __tablejump2__
 .text.libgcc.div
                0x00000000000055c2       0x28 /home/mikoaj/.platformio/packages/toolchain-atmelavr/bin/../lib/gcc/avr/7.3.0/avr5/libgcc.a(_udivmodhi4.o)
                0x00000000000055c2                __udivmodhi4
 .text.avr-libc.fplib
                0x00000000000055ea        0xe /home/mikoaj/.platformio/packages/toolchain-atmelavr/bin/../lib/gcc/avr/7.3.0/../../../../avr/lib/avr5/libm.a(addsf3.o)
                0x00000000000055ea                __subsf3
                0x00000000000055ec                __addsf3
 .text.avr-libc.fplib
                0x00000000000055f8       0xcc /home/mikoaj/.platformio/packages/toolchain-atmelavr/bin/../lib/gcc/avr/7.3.0/../../../../avr/lib/avr5/libm.a(addsf3x.o)
                0x000000000000561a                __addsf3x
 .text.avr-libc.fplib
                0x00000000000056c4       0x86 /home/mikoaj/.platformio/packages/toolchain-atmelavr/bin/../lib/gcc/avr/7.3.0/../../../../avr/lib/avr5/libm.a(atan2.o)
                0x00000000000056ea                atan2
 .text.avr-libc.fplib
                0x000000000000574a       0x5e /home/mikoaj/.platformio/packages/toolchain-atmelavr/bin/../lib/gcc/avr/7.3.0/../../../../avr/lib/avr5/libm.a(atan.o)
                0x000000000000574a                atan
 .text.avr-libc.fplib
                0x00000000000057a8        0xa /home/mikoaj/.platformio/packages/toolchain-atmelavr/bin/../lib/gcc/avr/7.3.0/../../../../avr/lib/avr5/libm.a(cmpsf2.o)
                0x00000000000057a8                __lesf2
                0x00000000000057a8                __nesf2
                0x00000000000057a8                __eqsf2
                0x00000000000057a8                __cmpsf2
                0x00000000000057a8                __ltsf2
 .text.avr-libc.fplib
                0x00000000000057b2        0x8 /home/mikoaj/.platformio/packages/toolchain-atmelavr/bin/../lib/gcc/avr/7.3.0/../../../../avr/lib/avr5/libm.a(divsf3.o)
                0x00000000000057b2                __divsf3
 .text.avr-libc.fplib
                0x00000000000057ba       0xdc /home/mikoaj/.platformio/packages/toolchain-atmelavr/bin/../lib/gcc/avr/7.3.0/../../../../avr/lib/avr5/libm.a(divsf3x.o)
                0x00000000000057da                __divsf3x
                0x00000000000057e0                __divsf3_pse
 .text.avr-libc.fplib
                0x0000000000005896        0xe /home/mikoaj/.platformio/packages/toolchain-atmelavr/bin/../lib/gcc/avr/7.3.0/../../../../avr/lib/avr5/libm.a(fixsfsi.o)
                0x0000000000005896                __fixsfsi
 .text.avr-libc.fplib
                0x00000000000058a4       0x5e /home/mikoaj/.platformio/packages/toolchain-atmelavr/bin/../lib/gcc/avr/7.3.0/../../../../avr/lib/avr5/libm.a(fixunssfsi.o)
                0x00000000000058a4                __fixunssfsi
 .text.avr-libc.fplib
                0x0000000000005902       0x7a /home/mikoaj/.platformio/packages/toolchain-atmelavr/bin/../lib/gcc/avr/7.3.0/../../../../avr/lib/avr5/libm.a(floatsisf.o)
                0x0000000000005902                __floatunsisf
                0x0000000000005906                __floatsisf
 .text.avr-libc.fplib
                0x000000000000597c       0x48 /home/mikoaj/.platformio/packages/toolchain-atmelavr/bin/../lib/gcc/avr/7.3.0/../../../../avr/lib/avr5/libm.a(fp_cmp.o)
                0x000000000000597c                __fp_cmp
 .text.avr-libc.fplib
                0x00000000000059c4        0xc /home/mikoaj/.platformio/packages/toolchain-atmelavr/bin/../lib/gcc/avr/7.3.0/../../../../avr/lib/avr5/libm.a(fp_inf.o)
                0x00000000000059c4                __fp_inf
 .text.avr-libc.fplib
                0x00000000000059d0        0x6 /home/mikoaj/.platformio/packages/toolchain-atmelavr/bin/../lib/gcc/avr/7.3.0/../../../../avr/lib/avr5/libm.a(fp_nan.o)
                0x00000000000059d0                __fp_nan
 .text.avr-libc.fplib
                0x00000000000059d6       0x4e /home/mikoaj/.platformio/packages/toolchain-atmelavr/bin/../lib/gcc/avr/7.3.0/../../../../avr/lib/avr5/libm.a(fp_powser.o)
                0x00000000000059d6                __fp_powser
 .text.avr-libc.fplib
                0x0000000000005a24        0xe /home/mikoaj/.platformio/packages/toolchain-atmelavr/bin/../lib/gcc/avr/7.3.0/../../../../avr/lib/avr5/libm.a(fp_pscA.o)
                0x0000000000005a24                __fp_pscA
 .text.avr-libc.fplib
                0x0000000000005a32        0xe /home/mikoaj/.platformio/packages/toolchain-atmelavr/bin/../lib/gcc/avr/7.3.0/../../../../avr/lib/avr5/libm.a(fp_pscB.o)
                0x0000000000005a32                __fp_pscB
 .text.avr-libc.fplib
                0x0000000000005a40       0x22 /home/mikoaj/.platformio/packages/toolchain-atmelavr/bin/../lib/gcc/avr/7.3.0/../../../../avr/lib/avr5/libm.a(fp_round.o)
                0x0000000000005a40                __fp_round
 .text.avr-libc.fplib
                0x0000000000005a62       0x44 /home/mikoaj/.platformio/packages/toolchain-atmelavr/bin/../lib/gcc/avr/7.3.0/../../../../avr/lib/avr5/libm.a(fp_split3.o)
                0x0000000000005a62                __fp_split3
                0x0000000000005a72                __fp_splitA
 .text.avr-libc.fplib
                0x0000000000005aa6        0xe /home/mikoaj/.platformio/packages/toolchain-atmelavr/bin/../lib/gcc/avr/7.3.0/../../../../avr/lib/avr5/libm.a(fp_zero.o)
                0x0000000000005aa6                __fp_zero
                0x0000000000005aa8                __fp_szero
 .text.avr-libc.fplib
                0x0000000000005ab4        0xa /home/mikoaj/.platformio/packages/toolchain-atmelavr/bin/../lib/gcc/avr/7.3.0/../../../../avr/lib/avr5/libm.a(gesf2.o)
                0x0000000000005ab4                __gtsf2
                0x0000000000005ab4                __gesf2
 .text.avr-libc.fplib
                0x0000000000005abe       0x10 /home/mikoaj/.platformio/packages/toolchain-atmelavr/bin/../lib/gcc/avr/7.3.0/../../../../avr/lib/avr5/libm.a(inverse.o)
                0x0000000000005abe                inverse
 .text.avr-libc.fplib
                0x0000000000005ace        0x8 /home/mikoaj/.platformio/packages/toolchain-atmelavr/bin/../lib/gcc/avr/7.3.0/../../../../avr/lib/avr5/libm.a(mulsf3.o)
                0x0000000000005ace                __mulsf3
 .text.avr-libc.fplib
                0x0000000000005ad6       0xd2 /home/mikoaj/.platformio/packages/toolchain-atmelavr/bin/../lib/gcc/avr/7.3.0/../../../../avr/lib/avr5/libm.a(mulsf3x.o)
                0x0000000000005af4                __mulsf3x
                0x0000000000005afa                __mulsf3_pse
 .text.avr-libc.fplib
                0x0000000000005ba8       0x8c /home/mikoaj/.platformio/packages/toolchain-atmelavr/bin/../lib/gcc/avr/7.3.0/../../../../avr/lib/avr5/libm.a(sqrt.o)
                0x0000000000005bb4                sqrt
                0x0000000000005bb4                sqrtf
 .text.avr-libc.fplib
                0x0000000000005c34        0x8 /home/mikoaj/.platformio/packages/toolchain-atmelavr/bin/../lib/gcc/avr/7.3.0/../../../../avr/lib/avr5/libm.a(square.o)
                0x0000000000005c34                square
 .text.avr-libc.fplib
                0x0000000000005c3c        0xa /home/mikoaj/.platformio/packages/toolchain-atmelavr/bin/../lib/gcc/avr/7.3.0/../../../../avr/lib/avr5/libm.a(unordsf2.o)
                0x0000000000005c3c                __unordsf2
 .text.avr-libc.fplib
                0x0000000000005c46       0x1c /home/mikoaj/.platformio/packages/toolchain-atmelavr/bin/../lib/gcc/avr/7.3.0/../../../../avr/lib/avr5/libm.a(fp_mpack.o)
                0x0000000000005c46                __fp_mpack
                0x0000000000005c4a                __fp_mpack_finite
 .text.avr-libc.fplib
                0x0000000000005c62        0xe /home/mikoaj/.platformio/packages/toolchain-atmelavr/bin/../lib/gcc/avr/7.3.0/../../../../avr/lib/avr5/libm.a(fp_norm2.o)
                0x0000000000005c62                __fp_norm2
 .text.avr-libc
                0x0000000000005c70      0x24a /home/mikoaj/.platformio/packages/toolchain-atmelavr/bin/../lib/gcc/avr/7.3.0/../../../../avr/lib/avr5/libc.a(malloc.o)
                0x0000000000005c70                malloc
                0x0000000000005da8                free
 .text.avr-libc
                0x0000000000005eba        0xa /home/mikoaj/.platformio/packages/toolchain-atmelavr/bin/../lib/gcc/avr/7.3.0/../../../../avr/lib/avr5/libc.a(abort.o)
                0x0000000000005eba                abort
 .text.avr-libc
                0x0000000000005ec4       0x1a /home/mikoaj/.platformio/packages/toolchain-atmelavr/bin/../lib/gcc/avr/7.3.0/../../../../avr/lib/avr5/libc.a(memcmp.o)
                0x0000000000005ec4                memcmp
 .text.avr-libc
                0x0000000000005ede       0x12 /home/mikoaj/.platformio/packages/toolchain-atmelavr/bin/../lib/gcc/avr/7.3.0/../../../../avr/lib/avr5/libc.a(memcpy.o)
                0x0000000000005ede                memcpy
                0x0000000000005ef0                . = ALIGN (0x2)
 *(.fini9)
 .fini9         0x0000000000005ef0        0x0 /home/mikoaj/.platformio/packages/toolchain-atmelavr/bin/../lib/gcc/avr/7.3.0/avr5/libgcc.a(_exit.o)
                0x0000000000005ef0                exit
                0x0000000000005ef0                _exit
 *(.fini9)
 *(.fini8)
 *(.fini8)
 *(.fini7)
 *(.fini7)
 *(.fini6)
 .fini6         0x0000000000005ef0       0x16 /home/mikoaj/.platformio/packages/toolchain-atmelavr/bin/../lib/gcc/avr/7.3.0/avr5/libgcc.a(_dtors.o)
                0x0000000000005ef0                __do_global_dtors
 *(.fini6)
 *(.fini5)
 *(.fini5)
 *(.fini4)
 *(.fini4)
 *(.fini3)
 *(.fini3)
 *(.fini2)
 *(.fini2)
 *(.fini1)
 *(.fini1)
 *(.fini0)
 .fini0         0x0000000000005f06        0x4 /home/mikoaj/.platformio/packages/toolchain-atmelavr/bin/../lib/gcc/avr/7.3.0/avr5/libgcc.a(_exit.o)
 *(.fini0)
                0x0000000000005f0a                _etext = .

.data           0x0000000000800100      0x110 load address 0x0000000000005f0a
                0x0000000000800100                PROVIDE (__data_start, .)
 *(.data)
 .data          0x0000000000800100       0x21 /tmp/cchTFifx.ltrans0.ltrans.o
 .data          0x0000000000800121        0x6 /home/mikoaj/.platformio/packages/toolchain-atmelavr/bin/../lib/gcc/avr/7.3.0/../../../../avr/lib/avr5/libc.a(malloc.o)
                0x0000000000800121                __malloc_heap_end
                0x0000000000800123                __malloc_heap_start
                0x0000000000800125                __malloc_margin
 *(.data*)
 *(.gnu.linkonce.d*)
 *(.rodata)
 .rodata        0x0000000000800127       0x9c /tmp/cchTFifx.ltrans0.ltrans.o
 *(.rodata*)
 .rodata.str1.1
                0x00000000008001c3       0x4d /tmp/cchTFifx.ltrans0.ltrans.o
                                         0x5a (size before relaxing)
 *(.gnu.linkonce.r*)
                0x0000000000800210                . = ALIGN (0x2)
                0x0000000000800210                _edata = .
                0x0000000000800210                PROVIDE (__data_end, .)

.bss            0x0000000000800210      0x2f3
                0x0000000000800210                PROVIDE (__bss_start, .)
 *(.bss)
 .bss           0x0000000000800210      0x2ef /tmp/cchTFifx.ltrans0.ltrans.o
 *(.bss*)
 *(COMMON)
 COMMON         0x00000000008004ff        0x4 /home/mikoaj/.platformio/packages/toolchain-atmelavr/bin/../lib/gcc/avr/7.3.0/../../../../avr/lib/avr5/libc.a(malloc.o)
                0x00000000008004ff                __brkval
                0x0000000000800501                __flp
                0x0000000000800503                PROVIDE (__bss_end, .)
                0x0000000000005f0a                __data_load_start = LOADADDR (.data)
                0x000000000000601a                __data_load_end = (__data_load_start + SIZEOF (.data))

.noinit         0x0000000000800503        0x0
                [!provide]                        PROVIDE (__noinit_start, .)
 *(.noinit*)
                [!provide]                        PROVIDE (__noinit_end, .)
                0x0000000000800503                _end = .
                0x0000000000800503                PROVIDE (__heap_start, .)

.eeprom         0x0000000000810000        0x0
 *(.eeprom*)
                0x0000000000810000                __eeprom_end = .

.fuse
 *(.fuse)
 *(.lfuse)
 *(.hfuse)
 *(.efuse)

.lock
 *(.lock*)

.signature
 *(.signature*)

.user_signatures
 *(.user_signatures*)

.stab
 *(.stab)

.stabstr
 *(.stabstr)

.stab.excl
 *(.stab.excl)

.stab.exclstr
 *(.stab.exclstr)

.stab.index
 *(.stab.index)

.stab.indexstr
 *(.stab.indexstr)

.comment        0x0000000000000000       0x11
 *(.comment)
 .comment       0x0000000000000000       0x11 /tmp/cchTFifx.ltrans0.ltrans.o
                                         0x12 (size before relaxing)
 .comment       0x0000000000000011       0x12 /home/mikoaj/.platformio/packages/toolchain-atmelavr/bin/../lib/gcc/avr/7.3.0/../../../../avr/lib/avr5/libc.a(malloc.o)

.note.gnu.avr.deviceinfo
                0x0000000000000000       0x40
 .note.gnu.avr.deviceinfo
                0x0000000000000000       0x40 /home/mikoaj/.platformio/packages/toolchain-atmelavr/bin/../lib/gcc/avr/7.3.0/../../../../avr/lib/avr5/crtatmega32u4.o

.note.gnu.build-id
 *(.note.gnu.build-id)

.debug
 *(.debug)

.line
 *(.line)

.debug_srcinfo
 *(.debug_srcinfo)

.debug_sfnames
 *(.debug_sfnames)

.debug_aranges  0x0000000000000000      0x1a0
 *(.debug_aranges)
 .debug_aranges
                0x0000000000000000       0x20 /home/mikoaj/.platformio/packages/toolchain-atmelavr/bin/../lib/gcc/avr/7.3.0/avr5/libgcc.a(_exit.o)
 .debug_aranges
                0x0000000000000020       0x20 /home/mikoaj/.platformio/packages/toolchain-atmelavr/bin/../lib/gcc/avr/7.3.0/avr5/libgcc.a(_divmodsi4.o)
 .debug_aranges
                0x0000000000000040       0x20 /home/mikoaj/.platformio/packages/toolchain-atmelavr/bin/../lib/gcc/avr/7.3.0/avr5/libgcc.a(_negsi2.o)
 .debug_aranges
                0x0000000000000060       0x20 /home/mikoaj/.platformio/packages/toolchain-atmelavr/bin/../lib/gcc/avr/7.3.0/avr5/libgcc.a(_copy_data.o)
 .debug_aranges
                0x0000000000000080       0x20 /home/mikoaj/.platformio/packages/toolchain-atmelavr/bin/../lib/gcc/avr/7.3.0/avr5/libgcc.a(_muluhisi3.o)
 .debug_aranges
                0x00000000000000a0       0x20 /home/mikoaj/.platformio/packages/toolchain-atmelavr/bin/../lib/gcc/avr/7.3.0/avr5/libgcc.a(_udivmodsi4.o)
 .debug_aranges
                0x00000000000000c0       0x20 /home/mikoaj/.platformio/packages/toolchain-atmelavr/bin/../lib/gcc/avr/7.3.0/avr5/libgcc.a(_umulhisi3.o)
 .debug_aranges
                0x00000000000000e0       0x20 /home/mikoaj/.platformio/packages/toolchain-atmelavr/bin/../lib/gcc/avr/7.3.0/avr5/libgcc.a(_divmodhi4.o)
 .debug_aranges
                0x0000000000000100       0x20 /home/mikoaj/.platformio/packages/toolchain-atmelavr/bin/../lib/gcc/avr/7.3.0/avr5/libgcc.a(_tablejump2.o)
 .debug_aranges
                0x0000000000000120       0x20 /home/mikoaj/.platformio/packages/toolchain-atmelavr/bin/../lib/gcc/avr/7.3.0/avr5/libgcc.a(_clear_bss.o)
 .debug_aranges
                0x0000000000000140       0x20 /home/mikoaj/.platformio/packages/toolchain-atmelavr/bin/../lib/gcc/avr/7.3.0/avr5/libgcc.a(_ctors.o)
 .debug_aranges
                0x0000000000000160       0x20 /home/mikoaj/.platformio/packages/toolchain-atmelavr/bin/../lib/gcc/avr/7.3.0/avr5/libgcc.a(_dtors.o)
 .debug_aranges
                0x0000000000000180       0x20 /home/mikoaj/.platformio/packages/toolchain-atmelavr/bin/../lib/gcc/avr/7.3.0/avr5/libgcc.a(_udivmodhi4.o)

.debug_pubnames
 *(.debug_pubnames)

.debug_info     0x0000000000000000     0x12a3
 *(.debug_info .gnu.linkonce.wi.*)
 .debug_info    0x0000000000000000      0x9f4 /home/mikoaj/.platformio/packages/toolchain-atmelavr/bin/../lib/gcc/avr/7.3.0/../../../../avr/lib/avr5/crtatmega32u4.o
 .debug_info    0x00000000000009f4       0xab /home/mikoaj/.platformio/packages/toolchain-atmelavr/bin/../lib/gcc/avr/7.3.0/avr5/libgcc.a(_exit.o)
 .debug_info    0x0000000000000a9f       0xab /home/mikoaj/.platformio/packages/toolchain-atmelavr/bin/../lib/gcc/avr/7.3.0/avr5/libgcc.a(_divmodsi4.o)
 .debug_info    0x0000000000000b4a       0xab /home/mikoaj/.platformio/packages/toolchain-atmelavr/bin/../lib/gcc/avr/7.3.0/avr5/libgcc.a(_negsi2.o)
 .debug_info    0x0000000000000bf5       0xab /home/mikoaj/.platformio/packages/toolchain-atmelavr/bin/../lib/gcc/avr/7.3.0/avr5/libgcc.a(_copy_data.o)
 .debug_info    0x0000000000000ca0       0xab /home/mikoaj/.platformio/packages/toolchain-atmelavr/bin/../lib/gcc/avr/7.3.0/avr5/libgcc.a(_muluhisi3.o)
 .debug_info    0x0000000000000d4b       0xab /home/mikoaj/.platformio/packages/toolchain-atmelavr/bin/../lib/gcc/avr/7.3.0/avr5/libgcc.a(_udivmodsi4.o)
 .debug_info    0x0000000000000df6       0xab /home/mikoaj/.platformio/packages/toolchain-atmelavr/bin/../lib/gcc/avr/7.3.0/avr5/libgcc.a(_umulhisi3.o)
 .debug_info    0x0000000000000ea1       0xab /home/mikoaj/.platformio/packages/toolchain-atmelavr/bin/../lib/gcc/avr/7.3.0/avr5/libgcc.a(_divmodhi4.o)
 .debug_info    0x0000000000000f4c       0xab /home/mikoaj/.platformio/packages/toolchain-atmelavr/bin/../lib/gcc/avr/7.3.0/avr5/libgcc.a(_tablejump2.o)
 .debug_info    0x0000000000000ff7       0xab /home/mikoaj/.platformio/packages/toolchain-atmelavr/bin/../lib/gcc/avr/7.3.0/avr5/libgcc.a(_clear_bss.o)
 .debug_info    0x00000000000010a2       0xab /home/mikoaj/.platformio/packages/toolchain-atmelavr/bin/../lib/gcc/avr/7.3.0/avr5/libgcc.a(_ctors.o)
 .debug_info    0x000000000000114d       0xab /home/mikoaj/.platformio/packages/toolchain-atmelavr/bin/../lib/gcc/avr/7.3.0/avr5/libgcc.a(_dtors.o)
 .debug_info    0x00000000000011f8       0xab /home/mikoaj/.platformio/packages/toolchain-atmelavr/bin/../lib/gcc/avr/7.3.0/avr5/libgcc.a(_udivmodhi4.o)

.debug_abbrev   0x0000000000000000      0xa6e
 *(.debug_abbrev)
 .debug_abbrev  0x0000000000000000      0x96a /home/mikoaj/.platformio/packages/toolchain-atmelavr/bin/../lib/gcc/avr/7.3.0/../../../../avr/lib/avr5/crtatmega32u4.o
 .debug_abbrev  0x000000000000096a       0x14 /home/mikoaj/.platformio/packages/toolchain-atmelavr/bin/../lib/gcc/avr/7.3.0/avr5/libgcc.a(_exit.o)
 .debug_abbrev  0x000000000000097e       0x14 /home/mikoaj/.platformio/packages/toolchain-atmelavr/bin/../lib/gcc/avr/7.3.0/avr5/libgcc.a(_divmodsi4.o)
 .debug_abbrev  0x0000000000000992       0x14 /home/mikoaj/.platformio/packages/toolchain-atmelavr/bin/../lib/gcc/avr/7.3.0/avr5/libgcc.a(_negsi2.o)
 .debug_abbrev  0x00000000000009a6       0x14 /home/mikoaj/.platformio/packages/toolchain-atmelavr/bin/../lib/gcc/avr/7.3.0/avr5/libgcc.a(_copy_data.o)
 .debug_abbrev  0x00000000000009ba       0x14 /home/mikoaj/.platformio/packages/toolchain-atmelavr/bin/../lib/gcc/avr/7.3.0/avr5/libgcc.a(_muluhisi3.o)
 .debug_abbrev  0x00000000000009ce       0x14 /home/mikoaj/.platformio/packages/toolchain-atmelavr/bin/../lib/gcc/avr/7.3.0/avr5/libgcc.a(_udivmodsi4.o)
 .debug_abbrev  0x00000000000009e2       0x14 /home/mikoaj/.platformio/packages/toolchain-atmelavr/bin/../lib/gcc/avr/7.3.0/avr5/libgcc.a(_umulhisi3.o)
 .debug_abbrev  0x00000000000009f6       0x14 /home/mikoaj/.platformio/packages/toolchain-atmelavr/bin/../lib/gcc/avr/7.3.0/avr5/libgcc.a(_divmodhi4.o)
 .debug_abbrev  0x0000000000000a0a       0x14 /home/mikoaj/.platformio/packages/toolchain-atmelavr/bin/../lib/gcc/avr/7.3.0/avr5/libgcc.a(_tablejump2.o)
 .debug_abbrev  0x0000000000000a1e       0x14 /home/mikoaj/.platformio/packages/toolchain-atmelavr/bin/../lib/gcc/avr/7.3.0/avr5/libgcc.a(_clear_bss.o)
 .debug_abbrev  0x0000000000000a32       0x14 /home/mikoaj/.platformio/packages/toolchain-atmelavr/bin/../lib/gcc/avr/7.3.0/avr5/libgcc.a(_ctors.o)
 .debug_abbrev  0x0000000000000a46       0x14 /home/mikoaj/.platformio/packages/toolchain-atmelavr/bin/../lib/gcc/avr/7.3.0/avr5/libgcc.a(_dtors.o)
 .debug_abbrev  0x0000000000000a5a       0x14 /home/mikoaj/.platformio/packages/toolchain-atmelavr/bin/../lib/gcc/avr/7.3.0/avr5/libgcc.a(_udivmodhi4.o)

.debug_line     0x0000000000000000      0x862
 *(.debug_line .debug_line.* .debug_line_end)
 .debug_line    0x0000000000000000       0x1a /home/mikoaj/.platformio/packages/toolchain-atmelavr/bin/../lib/gcc/avr/7.3.0/../../../../avr/lib/avr5/crtatmega32u4.o
 .debug_line    0x000000000000001a       0x62 /home/mikoaj/.platformio/packages/toolchain-atmelavr/bin/../lib/gcc/avr/7.3.0/avr5/libgcc.a(_exit.o)
 .debug_line    0x000000000000007c       0xce /home/mikoaj/.platformio/packages/toolchain-atmelavr/bin/../lib/gcc/avr/7.3.0/avr5/libgcc.a(_divmodsi4.o)
 .debug_line    0x000000000000014a       0x62 /home/mikoaj/.platformio/packages/toolchain-atmelavr/bin/../lib/gcc/avr/7.3.0/avr5/libgcc.a(_negsi2.o)
 .debug_line    0x00000000000001ac       0x98 /home/mikoaj/.platformio/packages/toolchain-atmelavr/bin/../lib/gcc/avr/7.3.0/avr5/libgcc.a(_copy_data.o)
 .debug_line    0x0000000000000244       0x92 /home/mikoaj/.platformio/packages/toolchain-atmelavr/bin/../lib/gcc/avr/7.3.0/avr5/libgcc.a(_muluhisi3.o)
 .debug_line    0x00000000000002d6      0x122 /home/mikoaj/.platformio/packages/toolchain-atmelavr/bin/../lib/gcc/avr/7.3.0/avr5/libgcc.a(_udivmodsi4.o)
 .debug_line    0x00000000000003f8       0xb0 /home/mikoaj/.platformio/packages/toolchain-atmelavr/bin/../lib/gcc/avr/7.3.0/avr5/libgcc.a(_umulhisi3.o)
 .debug_line    0x00000000000004a8       0xc8 /home/mikoaj/.platformio/packages/toolchain-atmelavr/bin/../lib/gcc/avr/7.3.0/avr5/libgcc.a(_divmodhi4.o)
 .debug_line    0x0000000000000570       0x7a /home/mikoaj/.platformio/packages/toolchain-atmelavr/bin/../lib/gcc/avr/7.3.0/avr5/libgcc.a(_tablejump2.o)
 .debug_line    0x00000000000005ea       0x86 /home/mikoaj/.platformio/packages/toolchain-atmelavr/bin/../lib/gcc/avr/7.3.0/avr5/libgcc.a(_clear_bss.o)
 .debug_line    0x0000000000000670       0x92 /home/mikoaj/.platformio/packages/toolchain-atmelavr/bin/../lib/gcc/avr/7.3.0/avr5/libgcc.a(_ctors.o)
 .debug_line    0x0000000000000702       0x92 /home/mikoaj/.platformio/packages/toolchain-atmelavr/bin/../lib/gcc/avr/7.3.0/avr5/libgcc.a(_dtors.o)
 .debug_line    0x0000000000000794       0xce /home/mikoaj/.platformio/packages/toolchain-atmelavr/bin/../lib/gcc/avr/7.3.0/avr5/libgcc.a(_udivmodhi4.o)

.debug_frame
 *(.debug_frame)

.debug_str      0x0000000000000000      0x371
 *(.debug_str)
 .debug_str     0x0000000000000000      0x371 /home/mikoaj/.platformio/packages/toolchain-atmelavr/bin/../lib/gcc/avr/7.3.0/../../../../avr/lib/avr5/crtatmega32u4.o

.debug_loc
 *(.debug_loc)

.debug_macinfo
 *(.debug_macinfo)

.debug_weaknames
 *(.debug_weaknames)

.debug_funcnames
 *(.debug_funcnames)

.debug_typenames
 *(.debug_typenames)

.debug_varnames
 *(.debug_varnames)

.debug_pubtypes
 *(.debug_pubtypes)

.debug_ranges
 *(.debug_ranges)

.debug_macro
 *(.debug_macro)
OUTPUT(.pio/build/leonardo/firmware.elf elf32-avr)
LOAD linker stubs
